Component: ARM Compiler 5.06 update 7 (build 960) Tool: armlink [4d3601]

==============================================================================

Section Cross References

    startup_stm32l051xx.o(STACK) refers (Special) to heapauxi.o(.text) for __use_two_region_memory
    startup_stm32l051xx.o(HEAP) refers (Special) to heapauxi.o(.text) for __use_two_region_memory
    startup_stm32l051xx.o(RESET) refers (Special) to heapauxi.o(.text) for __use_two_region_memory
    startup_stm32l051xx.o(RESET) refers to startup_stm32l051xx.o(STACK) for __initial_sp
    startup_stm32l051xx.o(RESET) refers to startup_stm32l051xx.o(.text) for Reset_Handler
    startup_stm32l051xx.o(RESET) refers to stm32l0xx_it.o(i.NMI_Handler) for NMI_Handler
    startup_stm32l051xx.o(RESET) refers to stm32l0xx_it.o(i.HardFault_Handler) for HardFault_Handler
    startup_stm32l051xx.o(RESET) refers to stm32l0xx_it.o(i.SVC_Handler) for SVC_Handler
    startup_stm32l051xx.o(RESET) refers to stm32l0xx_it.o(i.PendSV_Handler) for PendSV_Handler
    startup_stm32l051xx.o(RESET) refers to stm32l0xx_it.o(i.SysTick_Handler) for SysTick_Handler
    startup_stm32l051xx.o(RESET) refers to stm32l0xx_it.o(i.TIM6_IRQHandler) for TIM6_IRQHandler
    startup_stm32l051xx.o(RESET) refers to stm32l0xx_it.o(i.I2C1_IRQHandler) for I2C1_IRQHandler
    startup_stm32l051xx.o(RESET) refers to stm32l0xx_it.o(i.I2C2_IRQHandler) for I2C2_IRQHandler
    startup_stm32l051xx.o(RESET) refers to stm32l0xx_it.o(i.USART1_IRQHandler) for USART1_IRQHandler
    startup_stm32l051xx.o(.text) refers (Special) to heapauxi.o(.text) for __use_two_region_memory
    startup_stm32l051xx.o(.text) refers to system_stm32l0xx.o(i.SystemInit) for SystemInit
    startup_stm32l051xx.o(.text) refers to __main.o(!!!main) for __main
    startup_stm32l051xx.o(.text) refers to startup_stm32l051xx.o(HEAP) for Heap_Mem
    startup_stm32l051xx.o(.text) refers to startup_stm32l051xx.o(STACK) for Stack_Mem
    bme280.o(i.BME280_Init) refers to stm32l0xx_hal_gpio.o(i.HAL_GPIO_WritePin) for HAL_GPIO_WritePin
    bme280.o(i.BME280_Init) refers to bme280.o(i.BME280_ReadReg) for BME280_ReadReg
    bme280.o(i.BME280_Init) refers to bme280.o(i.Error) for Error
    bme280.o(i.BME280_Init) refers to bme280.o(i.BME280_WriteReg) for BME280_WriteReg
    bme280.o(i.BME280_Init) refers to bme280.o(i.BME280_ReadStatus) for BME280_ReadStatus
    bme280.o(i.BME280_Init) refers to bme280.o(i.BME280_ReadCoefficients) for BME280_ReadCoefficients
    bme280.o(i.BME280_Init) refers to bme280.o(i.BME280_SetStandby) for BME280_SetStandby
    bme280.o(i.BME280_Init) refers to bme280.o(i.BME280_SetFilter) for BME280_SetFilter
    bme280.o(i.BME280_Init) refers to bme280.o(i.BME280_SetOversamplingTemper) for BME280_SetOversamplingTemper
    bme280.o(i.BME280_Init) refers to bme280.o(i.BME280_SetOversamplingPressure) for BME280_SetOversamplingPressure
    bme280.o(i.BME280_Init) refers to bme280.o(i.BME280_SetOversamplingHum) for BME280_SetOversamplingHum
    bme280.o(i.BME280_Init) refers to bme280.o(i.BME280_SetMode) for BME280_SetMode
    bme280.o(i.BME280_ReadAltitude) refers to bme280.o(i.BME280_ReadPressure) for BME280_ReadPressure
    bme280.o(i.BME280_ReadAltitude) refers to fdiv.o(.text) for __aeabi_fdiv
    bme280.o(i.BME280_ReadAltitude) refers to f2d.o(.text) for __aeabi_f2d
    bme280.o(i.BME280_ReadAltitude) refers to pow.o(i.pow) for pow
    bme280.o(i.BME280_ReadAltitude) refers to daddsub.o(.text) for __aeabi_drsub
    bme280.o(i.BME280_ReadAltitude) refers to dmul.o(.text) for __aeabi_dmul
    bme280.o(i.BME280_ReadAltitude) refers to d2f.o(.text) for __aeabi_d2f
    bme280.o(i.BME280_ReadCoefficients) refers to bme280.o(i.BME280_ReadReg_U16) for BME280_ReadReg_U16
    bme280.o(i.BME280_ReadCoefficients) refers to bme280.o(i.BME280_ReadReg_S16) for BME280_ReadReg_S16
    bme280.o(i.BME280_ReadCoefficients) refers to bme280.o(i.BME280_ReadReg) for BME280_ReadReg
    bme280.o(i.BME280_ReadCoefficients) refers to bme280.o(.bss) for .bss
    bme280.o(i.BME280_ReadHumidity) refers to bme280.o(i.BME280_ReadTemperature) for BME280_ReadTemperature
    bme280.o(i.BME280_ReadHumidity) refers to bme280.o(i.BME280_ReadReg_BE_S16) for BME280_ReadReg_BE_S16
    bme280.o(i.BME280_ReadHumidity) refers to fflti.o(.text) for __aeabi_i2f
    bme280.o(i.BME280_ReadHumidity) refers to fscalbn.o(.text) for __ARM_scalbnf
    bme280.o(i.BME280_ReadHumidity) refers to bme280.o(.data) for .data
    bme280.o(i.BME280_ReadHumidity) refers to bme280.o(.bss) for .bss
    bme280.o(i.BME280_ReadPressure) refers to bme280.o(i.BME280_ReadTemperature) for BME280_ReadTemperature
    bme280.o(i.BME280_ReadPressure) refers to bme280.o(i.BME280_ReadReg_BE_U24) for BME280_ReadReg_BE_U24
    bme280.o(i.BME280_ReadPressure) refers to llmul.o(.text) for __aeabi_lmul
    bme280.o(i.BME280_ReadPressure) refers to llsdiv.o(.text) for __aeabi_ldivmod
[...]
    ../fplib/cfplib/daddsub.c                0x00000000   Number         0  daddsub.o ABSOLUTE
    ../fplib/cfplib/dcmpin.c                 0x00000000   Number         0  dcmpin.o ABSOLUTE
    ../fplib/cfplib/ddiv.c                   0x00000000   Number         0  ddiv.o ABSOLUTE
    ../fplib/cfplib/dmul.c                   0x00000000   Number         0  dmul.o ABSOLUTE
    ../fplib/cfplib/dsqrt.c                  0x00000000   Number         0  dsqrt.o ABSOLUTE
    ../fplib/cfplib/f2d.c                    0x00000000   Number         0  f2d.o ABSOLUTE
    ../fplib/cfplib/fdiv.c                   0x00000000   Number         0  fdiv.o ABSOLUTE
    ../fplib/cfplib/ffix.c                   0x00000000   Number         0  ffixui.o ABSOLUTE
    ../fplib/cfplib/fflt.c                   0x00000000   Number         0  fflti.o ABSOLUTE
    ../fplib/cfplib/fflt.c                   0x00000000   Number         0  dflti.o ABSOLUTE
    ../fplib/cfplib/fpinit.c                 0x00000000   Number         0  fpinit.o ABSOLUTE
    ../fplib/cfplib/nan2.c                   0x00000000   Number         0  dnan2.o ABSOLUTE
    ../fplib/cfplib/retnan.c                 0x00000000   Number         0  retnan.o ABSOLUTE
    ../fplib/cfplib/scalbn.c                 0x00000000   Number         0  fscalbn.o ABSOLUTE
    ../fplib/cfplib/scalbn.c                 0x00000000   Number         0  dscalbn.o ABSOLUTE
    ../fplib/dleqf6m.s                       0x00000000   Number         0  dlef.o ABSOLUTE
    ../fplib/drleqf6m.s                      0x00000000   Number         0  drlef.o ABSOLUTE
    ../fplib/usenofp.s                       0x00000000   Number         0  usenofp.o ABSOLUTE
    ../mathlib/dunder.c                      0x00000000   Number         0  dunder.o ABSOLUTE
    ../mathlib/fpclassify.c                  0x00000000   Number         0  fpclassify.o ABSOLUTE
    ../mathlib/poly.c                        0x00000000   Number         0  poly.o ABSOLUTE
    ../mathlib/pow.c                         0x00000000   Number         0  pow.o ABSOLUTE
    ../mathlib/pow.c                         0x00000000   Number         0  pow_x.o ABSOLUTE
    ../mathlib/qnan.c                        0x00000000   Number         0  qnan.o ABSOLUTE
    ../mathlib/sqrt.c                        0x00000000   Number         0  sqrt_x.o ABSOLUTE
    ../mathlib/sqrt.c                        0x00000000   Number         0  sqrt.o ABSOLUTE
    ..\Core\Src\BME280.c                     0x00000000   Number         0  bme280.o ABSOLUTE
    ..\Core\Src\main.c                       0x00000000   Number         0  main.o ABSOLUTE
    ..\Core\Src\stm32l0xx_hal_msp.c          0x00000000   Number         0  stm32l0xx_hal_msp.o ABSOLUTE
    ..\Core\Src\stm32l0xx_it.c               0x00000000   Number         0  stm32l0xx_it.o ABSOLUTE
    ..\Core\Src\system_stm32l0xx.c           0x00000000   Number         0  system_stm32l0xx.o ABSOLUTE
    ..\Drivers\STM32L0xx_HAL_Driver\Src\stm32l0xx_hal.c 0x00000000   Number         0  stm32l0xx_hal.o ABSOLUTE
    ..\Drivers\STM32L0xx_HAL_Driver\Src\stm32l0xx_hal_cortex.c 0x00000000   Number         0  stm32l0xx_hal_cortex.o ABSOLUTE
    ..\Drivers\STM32L0xx_HAL_Driver\Src\stm32l0xx_hal_dma.c 0x00000000   Number         0  stm32l0xx_hal_dma.o ABSOLUTE
    ..\Drivers\STM32L0xx_HAL_Driver\Src\stm32l0xx_hal_exti.c 0x00000000   Number         0  stm32l0xx_hal_exti.o ABSOLUTE
    ..\Drivers\STM32L0xx_HAL_Driver\Src\stm32l0xx_hal_flash.c 0x00000000   Number         0  stm32l0xx_hal_flash.o ABSOLUTE
    ..\Drivers\STM32L0xx_HAL_Driver\Src\stm32l0xx_hal_flash_ex.c 0x00000000   Number         0  stm32l0xx_hal_flash_ex.o ABSOLUTE
    ..\Drivers\STM32L0xx_HAL_Driver\Src\stm32l0xx_hal_flash_ramfunc.c 0x00000000   Number         0  stm32l0xx_hal_flash_ramfunc.o ABSOLUTE
    ..\Drivers\STM32L0xx_HAL_Driver\Src\stm32l0xx_hal_gpio.c 0x00000000   Number         0  stm32l0xx_hal_gpio.o ABSOLUTE
    ..\Drivers\STM32L0xx_HAL_Driver\Src\stm32l0xx_hal_i2c.c 0x00000000   Number         0  stm32l0xx_hal_i2c.o ABSOLUTE
    ..\Drivers\STM32L0xx_HAL_Driver\Src\stm32l0xx_hal_i2c_ex.c 0x00000000   Number         0  stm32l0xx_hal_i2c_ex.o ABSOLUTE
    ..\Drivers\STM32L0xx_HAL_Driver\Src\stm32l0xx_hal_pwr.c 0x00000000   Number         0  stm32l0xx_hal_pwr.o ABSOLUTE
    ..\Drivers\STM32L0xx_HAL_Driver\Src\stm32l0xx_hal_pwr_ex.c 0x00000000   Number         0  stm32l0xx_hal_pwr_ex.o ABSOLUTE
    ..\Drivers\STM32L0xx_HAL_Driver\Src\stm32l0xx_hal_rcc.c 0x00000000   Number         0  stm32l0xx_hal_rcc.o ABSOLUTE
    ..\Drivers\STM32L0xx_HAL_Driver\Src\stm32l0xx_hal_rcc_ex.c 0x00000000   Number         0  stm32l0xx_hal_rcc_ex.o ABSOLUTE
    ..\Drivers\STM32L0xx_HAL_Driver\Src\stm32l0xx_hal_smbus.c 0x00000000   Number         0  stm32l0xx_hal_smbus.o ABSOLUTE
    ..\Drivers\STM32L0xx_HAL_Driver\Src\stm32l0xx_hal_smbus_ex.c 0x00000000   Number         0  stm32l0xx_hal_smbus_ex.o ABSOLUTE
    ..\Drivers\STM32L0xx_HAL_Driver\Src\stm32l0xx_hal_tim.c 0x00000000   Number         0  stm32l0xx_hal_tim.o ABSOLUTE
    ..\Drivers\STM32L0xx_HAL_Driver\Src\stm32l0xx_hal_tim_ex.c 0x00000000   Number         0  stm32l0xx_hal_tim_ex.o ABSOLUTE
    ..\Drivers\STM32L0xx_HAL_Driver\Src\stm32l0xx_hal_uart.c 0x00000000   Number         0  stm32l0xx_hal_uart.o ABSOLUTE
    ..\Drivers\STM32L0xx_HAL_Driver\Src\stm32l0xx_hal_uart_ex.c 0x00000000   Number         0  stm32l0xx_hal_uart_ex.o ABSOLUTE
    ..\\Core\\Src\\BME280.c                  0x00000000   Number         0  bme280.o ABSOLUTE
    dc.s                                     0x00000000   Number         0  dc.o ABSOLUTE
    startup_stm32l051xx.s                    0x00000000   Number         0  startup_stm32l051xx.o ABSOLUTE
    RESET                                    0x08000000   Section      192  startup_stm32l051xx.o(RESET)
    !!!main                                  0x080000c0   Section        8  __main.o(!!!main)
    !!!scatter                               0x080000c8   Section       60  __scatter.o(!!!scatter)
    !!handler_copy                           0x08000104   Section       26  __scatter_copy.o(!!handler_copy)
    !!handler_zi                             0x08000120   Section       28  __scatter_zi.o(!!handler_zi)
    .ARM.Collect$$libinit$$00000000          0x0800013c   Section        2  libinit.o(.ARM.Collect$$libinit$$00000000)
    .ARM.Collect$$libinit$$00000002          0x0800013e   Section        0  libinit2.o(.ARM.Collect$$libinit$$00000002)
    .ARM.Collect$$libinit$$00000004          0x0800013e   Section        0  libinit2.o(.ARM.Collect$$libinit$$00000004)
    .ARM.Collect$$libinit$$0000000A          0x0800013e   Section        0  libinit2.o(.ARM.Collect$$libinit$$0000000A)
    .ARM.Collect$$libinit$$0000000C          0x0800013e   Section        0  libinit2.o(.ARM.Collect$$libinit$$0000000C)
    .ARM.Collect$$libinit$$0000000E          0x0800013e   Section        0  libinit2.o(.ARM.Collect$$libinit$$0000000E)
    .ARM.Collect$$libinit$$00000011          0x0800013e   Section        0  libinit2.o(.ARM.Collect$$libinit$$00000011)
    .ARM.Collect$$libinit$$00000013          0x0800013e   Section        0  libinit2.o(.ARM.Collect$$libinit$$00000013)
    .ARM.Collect$$libinit$$00000015          0x0800013e   Section        0  libinit2.o(.ARM.Collect$$libinit$$00000015)
    .ARM.Collect$$libinit$$00000017          0x0800013e   Section        0  libinit2.o(.ARM.Collect$$libinit$$00000017)
    .ARM.Collect$$libinit$$00000019          0x0800013e   Section        0  libinit2.o(.ARM.Collect$$libinit$$00000019)
    .ARM.Collect$$libinit$$0000001B          0x0800013e   Section        0  libinit2.o(.ARM.Collect$$libinit$$0000001B)
    .ARM.Collect$$libinit$$0000001D          0x0800013e   Section        0  libinit2.o(.ARM.Collect$$libinit$$0000001D)
    .ARM.Collect$$libinit$$0000001F          0x0800013e   Section        0  libinit2.o(.ARM.Collect$$libinit$$0000001F)
    .ARM.Collect$$libinit$$00000021          0x0800013e   Section        0  libinit2.o(.ARM.Collect$$libinit$$00000021)
    .ARM.Collect$$libinit$$00000023          0x0800013e   Section        0  libinit2.o(.ARM.Collect$$libinit$$00000023)
    .ARM.Collect$$libinit$$00000025          0x0800013e   Section        0  libinit2.o(.ARM.Collect$$libinit$$00000025)
    .ARM.Collect$$libinit$$0000002C          0x0800013e   Section        0  libinit2.o(.ARM.Collect$$libinit$$0000002C)
    .ARM.Collect$$libinit$$0000002E          0x0800013e   Section        0  libinit2.o(.ARM.Collect$$libinit$$0000002E)
    .ARM.Collect$$libinit$$00000030          0x0800013e   Section        0  libinit2.o(.ARM.Collect$$libinit$$00000030)
    .ARM.Collect$$libinit$$00000032          0x0800013e   Section        0  libinit2.o(.ARM.Collect$$libinit$$00000032)
    .ARM.Collect$$libinit$$00000033          0x0800013e   Section        2  libinit2.o(.ARM.Collect$$libinit$$00000033)
    .ARM.Collect$$libshutdown$$00000000      0x08000140   Section        2  libshutdown.o(.ARM.Collect$$libshutdown$$00000000)
    .ARM.Collect$$libshutdown$$00000002      0x08000142   Section        0  libshutdown2.o(.ARM.Collect$$libshutdown$$00000002)
    .ARM.Collect$$libshutdown$$00000004      0x08000142   Section        0  libshutdown2.o(.ARM.Collect$$libshutdown$$00000004)
    .ARM.Collect$$libshutdown$$00000006      0x08000142   Section        0  libshutdown2.o(.ARM.Collect$$libshutdown$$00000006)
    .ARM.Collect$$libshutdown$$00000009      0x08000142   Section        0  libshutdown2.o(.ARM.Collect$$libshutdown$$00000009)
    .ARM.Collect$$libshutdown$$0000000C      0x08000142   Section        0  libshutdown2.o(.ARM.Collect$$libshutdown$$0000000C)
    .ARM.Collect$$libshutdown$$0000000E      0x08000142   Section        0  libshutdown2.o(.ARM.Collect$$libshutdown$$0000000E)
    .ARM.Collect$$libshutdown$$00000011      0x08000142   Section        0  libshutdown2.o(.ARM.Collect$$libshutdown$$00000011)
    .ARM.Collect$$libshutdown$$00000012      0x08000142   Section        2  libshutdown2.o(.ARM.Collect$$libshutdown$$00000012)
    .ARM.Collect$$rtentry$$00000000          0x08000144   Section        0  __rtentry.o(.ARM.Collect$$rtentry$$00000000)
    .ARM.Collect$$rtentry$$00000002          0x08000144   Section        0  __rtentry2.o(.ARM.Collect$$rtentry$$00000002)
    .ARM.Collect$$rtentry$$00000004          0x08000144   Section        6  __rtentry4.o(.ARM.Collect$$rtentry$$00000004)
    .ARM.Collect$$rtentry$$00000009          0x0800014a   Section        0  __rtentry2.o(.ARM.Collect$$rtentry$$00000009)
    .ARM.Collect$$rtentry$$0000000A          0x0800014a   Section        4  __rtentry2.o(.ARM.Collect$$rtentry$$0000000A)
    .ARM.Collect$$rtentry$$0000000C          0x0800014e   Section        0  __rtentry2.o(.ARM.Collect$$rtentry$$0000000C)
    .ARM.Collect$$rtentry$$0000000D          0x0800014e   Section        8  __rtentry2.o(.ARM.Collect$$rtentry$$0000000D)
    .ARM.Collect$$rtexit$$00000000           0x08000156   Section        2  rtexit.o(.ARM.Collect$$rtexit$$00000000)
    .ARM.Collect$$rtexit$$00000002           0x08000158   Section        0  rtexit2.o(.ARM.Collect$$rtexit$$00000002)
    .ARM.Collect$$rtexit$$00000003           0x08000158   Section        4  rtexit2.o(.ARM.Collect$$rtexit$$00000003)
    .ARM.Collect$$rtexit$$00000004           0x0800015c   Section        6  rtexit2.o(.ARM.Collect$$rtexit$$00000004)
    .text                                    0x08000164   Section       56  startup_stm32l051xx.o(.text)
    .text                                    0x0800019c   Section        0  lludiv.o(.text)
    .text                                    0x0800029e   Section        0  rt_memclr.o(.text)
    .text                                    0x080002de   Section      346  aeabi_sdiv.o(.text)
    .text                                    0x08000438   Section        0  heapauxi.o(.text)
    .text                                    0x08000440   Section        0  fdiv.o(.text)
    .text                                    0x080005a0   Section        0  ffixui.o(.text)
    .text                                    0x080005d0   Section        0  fflti.o(.text)
    .text                                    0x08000630   Section        8  libspace.o(.text)
    .text                                    0x08000638   Section       62  sys_stackheap_outer.o(.text)
    .text                                    0x08000676   Section        0  exit.o(.text)
    .text                                    0x08000688   Section        0  sys_exit.o(.text)
    .text                                    0x08000694   Section        2  use_no_semi.o(.text)
    .text                                    0x08000696   Section        0  indicate_semi.o(.text)
    i.BME280_Init                            0x08000696   Section        0  bme280.o(i.BME280_Init)
    i.BME280_ReadCoefficients                0x080006fc   Section        0  bme280.o(i.BME280_ReadCoefficients)
    i.BME280_ReadReg                         0x080007c8   Section        0  bme280.o(i.BME280_ReadReg)
    i.BME280_ReadReg_BE_U24                  0x080007fc   Section        0  bme280.o(i.BME280_ReadReg_BE_U24)
    i.BME280_ReadReg_S16                     0x08000822   Section        0  bme280.o(i.BME280_ReadReg_S16)
    i.BME280_ReadReg_U16                     0x08000830   Section        0  bme280.o(i.BME280_ReadReg_U16)
    i.BME280_ReadStatus                      0x0800083e   Section        0  bme280.o(i.BME280_ReadStatus)
    i.BME280_ReadTemperature                 0x0800084c   Section        0  bme280.o(i.BME280_ReadTemperature)
    i.BME280_SetFilter                       0x080008a4   Section        0  bme280.o(i.BME280_SetFilter)
    i.BME280_SetMode                         0x080008c2   Section        0  bme280.o(i.BME280_SetMode)
    i.BME280_SetOversamplingHum              0x080008de   Section        0  bme280.o(i.BME280_SetOversamplingHum)
    i.BME280_SetOversamplingPressure         0x08000908   Section        0  bme280.o(i.BME280_SetOversamplingPressure)
    i.BME280_SetOversamplingTemper           0x08000926   Section        0  bme280.o(i.BME280_SetOversamplingTemper)
    i.BME280_SetStandby                      0x08000942   Section        0  bme280.o(i.BME280_SetStandby)
    i.BME280_WriteReg                        0x08000960   Section        0  bme280.o(i.BME280_WriteReg)
    i.CheckCRC16                             0x08000990   Section        0  main.o(i.CheckCRC16)
    i.Error                                  0x080009e4   Section        0  bme280.o(i.Error)
    i.GenCRC16                               0x080009f4   Section        0  main.o(i.GenCRC16)
    i.HAL_DMA_Abort                          0x08000a38   Section        0  stm32l0xx_hal_dma.o(i.HAL_DMA_Abort)
    i.HAL_DMA_Abort_IT                       0x08000a7c   Section        0  stm32l0xx_hal_dma.o(i.HAL_DMA_Abort_IT)
    i.HAL_DMA_GetState                       0x08000ac8   Section        0  stm32l0xx_hal_dma.o(i.HAL_DMA_GetState)
    i.HAL_Delay                              0x08000ad0   Section        0  stm32l0xx_hal.o(i.HAL_Delay)
    i.HAL_GPIO_Init                          0x08000af4   Section        0  stm32l0xx_hal_gpio.o(i.HAL_GPIO_Init)
    i.HAL_GPIO_WritePin                      0x08000ca4   Section        0  stm32l0xx_hal_gpio.o(i.HAL_GPIO_WritePin)
    i.HAL_GetTick                            0x08000cb0   Section        0  stm32l0xx_hal.o(i.HAL_GetTick)
    i.HAL_I2CEx_ConfigAnalogFilter           0x08000cbc   Section        0  stm32l0xx_hal_i2c_ex.o(i.HAL_I2CEx_ConfigAnalogFilter)
    i.HAL_I2CEx_ConfigDigitalFilter          0x08000d06   Section        0  stm32l0xx_hal_i2c_ex.o(i.HAL_I2CEx_ConfigDigitalFilter)
    i.HAL_I2C_AbortCpltCallback              0x08000d4e   Section        0  stm32l0xx_hal_i2c.o(i.HAL_I2C_AbortCpltCallback)
    i.HAL_I2C_AddrCallback                   0x08000d50   Section        0  stm32l0xx_hal_i2c.o(i.HAL_I2C_AddrCallback)
    i.HAL_I2C_ER_IRQHandler                  0x08000d52   Section        0  stm32l0xx_hal_i2c.o(i.HAL_I2C_ER_IRQHandler)
    i.HAL_I2C_EV_IRQHandler                  0x08000db0   Section        0  stm32l0xx_hal_i2c.o(i.HAL_I2C_EV_IRQHandler)
    i.HAL_I2C_ErrorCallback                  0x08000dc0   Section        0  stm32l0xx_hal_i2c.o(i.HAL_I2C_ErrorCallback)
    i.HAL_I2C_Init                           0x08000dc4   Section        0  stm32l0xx_hal_i2c.o(i.HAL_I2C_Init)
    i.HAL_I2C_ListenCpltCallback             0x08000e78   Section        0  stm32l0xx_hal_i2c.o(i.HAL_I2C_ListenCpltCallback)
    i.HAL_I2C_Mem_Read                       0x08000e7c   Section        0  stm32l0xx_hal_i2c.o(i.HAL_I2C_Mem_Read)
    i.HAL_I2C_Mem_Write                      0x08000fd0   Section        0  stm32l0xx_hal_i2c.o(i.HAL_I2C_Mem_Write)
    i.HAL_I2C_MspInit                        0x0800111c   Section        0  stm32l0xx_hal_msp.o(i.HAL_I2C_MspInit)
    i.HAL_I2C_SlaveRxCpltCallback            0x0800118c   Section        0  stm32l0xx_hal_i2c.o(i.HAL_I2C_SlaveRxCpltCallback)
    i.HAL_I2C_SlaveTxCpltCallback            0x0800118e   Section        0  stm32l0xx_hal_i2c.o(i.HAL_I2C_SlaveTxCpltCallback)
    i.HAL_IncTick                            0x08001190   Section        0  stm32l0xx_hal.o(i.HAL_IncTick)
    i.HAL_Init                               0x080011a0   Section        0  stm32l0xx_hal.o(i.HAL_Init)
    i.HAL_InitTick                           0x080011c8   Section        0  stm32l0xx_hal.o(i.HAL_InitTick)
    i.HAL_MspInit                            0x0800120c   Section        0  stm32l0xx_hal_msp.o(i.HAL_MspInit)
    i.HAL_NVIC_EnableIRQ                     0x08001224   Section        0  stm32l0xx_hal_cortex.o(i.HAL_NVIC_EnableIRQ)
    i.HAL_NVIC_SetPriority                   0x0800123c   Section        0  stm32l0xx_hal_cortex.o(i.HAL_NVIC_SetPriority)
    i.HAL_RCCEx_PeriphCLKConfig              0x08001244   Section        0  stm32l0xx_hal_rcc_ex.o(i.HAL_RCCEx_PeriphCLKConfig)
    i.HAL_RCC_ClockConfig                    0x080013a8   Section        0  stm32l0xx_hal_rcc.o(i.HAL_RCC_ClockConfig)
    i.HAL_RCC_GetPCLK1Freq                   0x08001544   Section        0  stm32l0xx_hal_rcc.o(i.HAL_RCC_GetPCLK1Freq)
    i.HAL_RCC_GetPCLK2Freq                   0x08001564   Section        0  stm32l0xx_hal_rcc.o(i.HAL_RCC_GetPCLK2Freq)
    i.HAL_RCC_GetSysClockFreq                0x08001584   Section        0  stm32l0xx_hal_rcc.o(i.HAL_RCC_GetSysClockFreq)
    i.HAL_RCC_OscConfig                      0x080015fc   Section        0  stm32l0xx_hal_rcc.o(i.HAL_RCC_OscConfig)
    i.HAL_SMBUS_AddrCallback                 0x08001a22   Section        0  stm32l0xx_hal_smbus.o(i.HAL_SMBUS_AddrCallback)
    i.HAL_SMBUS_ER_IRQHandler                0x08001a24   Section        0  stm32l0xx_hal_smbus.o(i.HAL_SMBUS_ER_IRQHandler)
    i.HAL_SMBUS_EV_IRQHandler                0x08001a2c   Section        0  stm32l0xx_hal_smbus.o(i.HAL_SMBUS_EV_IRQHandler)
    i.HAL_SMBUS_ErrorCallback                0x08001ae2   Section        0  stm32l0xx_hal_smbus.o(i.HAL_SMBUS_ErrorCallback)
    i.HAL_SMBUS_Init                         0x08001ae4   Section        0  stm32l0xx_hal_smbus.o(i.HAL_SMBUS_Init)
    i.HAL_SMBUS_ListenCpltCallback           0x08001bcc   Section        0  stm32l0xx_hal_smbus.o(i.HAL_SMBUS_ListenCpltCallback)
    i.HAL_SMBUS_MasterRxCpltCallback         0x08001bce   Section        0  stm32l0xx_hal_smbus.o(i.HAL_SMBUS_MasterRxCpltCallback)
    i.HAL_SMBUS_MasterTxCpltCallback         0x08001bd0   Section        0  stm32l0xx_hal_smbus.o(i.HAL_SMBUS_MasterTxCpltCallback)
    i.HAL_SMBUS_MspInit                      0x08001bd4   Section        0  stm32l0xx_hal_msp.o(i.HAL_SMBUS_MspInit)
    i.HAL_SMBUS_SlaveRxCpltCallback          0x08001c40   Section        0  stm32l0xx_hal_smbus.o(i.HAL_SMBUS_SlaveRxCpltCallback)
    i.HAL_SMBUS_SlaveTxCpltCallback          0x08001c42   Section        0  stm32l0xx_hal_smbus.o(i.HAL_SMBUS_SlaveTxCpltCallback)
    i.HAL_SYSTICK_Config                     0x08001c44   Section        0  stm32l0xx_hal_cortex.o(i.HAL_SYSTICK_Config)
    i.HAL_TIMEx_MasterConfigSynchronization  0x08001c74   Section        0  stm32l0xx_hal_tim_ex.o(i.HAL_TIMEx_MasterConfigSynchronization)
    i.HAL_TIM_Base_Init                      0x08001ccc   Section        0  stm32l0xx_hal_tim.o(i.HAL_TIM_Base_Init)
    i.HAL_TIM_Base_MspInit                   0x08001d0c   Section        0  stm32l0xx_hal_msp.o(i.HAL_TIM_Base_MspInit)
    i.HAL_TIM_Base_Start_IT                  0x08001d3c   Section        0  stm32l0xx_hal_tim.o(i.HAL_TIM_Base_Start_IT)
    i.HAL_TIM_Base_Stop_IT                   0x08001d88   Section        0  stm32l0xx_hal_tim.o(i.HAL_TIM_Base_Stop_IT)
    i.HAL_TIM_IC_CaptureCallback             0x08001db4   Section        0  stm32l0xx_hal_tim.o(i.HAL_TIM_IC_CaptureCallback)
    i.HAL_TIM_IRQHandler                     0x08001db6   Section        0  stm32l0xx_hal_tim.o(i.HAL_TIM_IRQHandler)
    i.HAL_TIM_OC_DelayElapsedCallback        0x08001edc   Section        0  stm32l0xx_hal_tim.o(i.HAL_TIM_OC_DelayElapsedCallback)
    i.HAL_TIM_PWM_PulseFinishedCallback      0x08001ede   Section        0  stm32l0xx_hal_tim.o(i.HAL_TIM_PWM_PulseFinishedCallback)
    i.HAL_TIM_PeriodElapsedCallback          0x08001ee0   Section        0  main.o(i.HAL_TIM_PeriodElapsedCallback)
    i.HAL_TIM_TriggerCallback                0x08001f8c   Section        0  stm32l0xx_hal_tim.o(i.HAL_TIM_TriggerCallback)
    i.HAL_UARTEx_RxEventCallback             0x08001f8e   Section        0  stm32l0xx_hal_uart.o(i.HAL_UARTEx_RxEventCallback)
    i.HAL_UARTEx_WakeupCallback              0x08001f90   Section        0  stm32l0xx_hal_uart_ex.o(i.HAL_UARTEx_WakeupCallback)
    i.HAL_UART_ErrorCallback                 0x08001f92   Section        0  stm32l0xx_hal_uart.o(i.HAL_UART_ErrorCallback)
    i.HAL_UART_IRQHandler                    0x08001f94   Section        0  stm32l0xx_hal_uart.o(i.HAL_UART_IRQHandler)
    i.HAL_UART_Init                          0x08002238   Section        0  stm32l0xx_hal_uart.o(i.HAL_UART_Init)
    i.HAL_UART_MspInit                       0x080022a4   Section        0  stm32l0xx_hal_msp.o(i.HAL_UART_MspInit)
    i.HAL_UART_Receive_IT                    0x08002310   Section        0  stm32l0xx_hal_uart.o(i.HAL_UART_Receive_IT)
    i.HAL_UART_RxCpltCallback                0x08002380   Section        0  main.o(i.HAL_UART_RxCpltCallback)
    i.HAL_UART_Transmit_IT                   0x080023c8   Section        0  stm32l0xx_hal_uart.o(i.HAL_UART_Transmit_IT)
    i.HAL_UART_TxCpltCallback                0x08002450   Section        0  main.o(i.HAL_UART_TxCpltCallback)
    i.HardFault_Handler                      0x08002484   Section        0  stm32l0xx_it.o(i.HardFault_Handler)
    i.I2C1_IRQHandler                        0x08002488   Section        0  stm32l0xx_it.o(i.I2C1_IRQHandler)
    i.I2C2_IRQHandler                        0x080024a8   Section        0  stm32l0xx_it.o(i.I2C2_IRQHandler)
    i.I2C_DMAAbort                           0x080024c8   Section        0  stm32l0xx_hal_i2c.o(i.I2C_DMAAbort)
    I2C_DMAAbort                             0x080024c9   Thumb Code    28  stm32l0xx_hal_i2c.o(i.I2C_DMAAbort)
    i.I2C_Disable_IRQ                        0x080024e4   Section        0  stm32l0xx_hal_i2c.o(i.I2C_Disable_IRQ)
    I2C_Disable_IRQ                          0x080024e5   Thumb Code    82  stm32l0xx_hal_i2c.o(i.I2C_Disable_IRQ)
    i.I2C_Flush_TXDR                         0x08002536   Section        0  stm32l0xx_hal_i2c.o(i.I2C_Flush_TXDR)
    I2C_Flush_TXDR                           0x08002537   Thumb Code    34  stm32l0xx_hal_i2c.o(i.I2C_Flush_TXDR)
    i.I2C_ITAddrCplt                         0x08002558   Section        0  stm32l0xx_hal_i2c.o(i.I2C_ITAddrCplt)
    I2C_ITAddrCplt                           0x08002559   Thumb Code   124  stm32l0xx_hal_i2c.o(i.I2C_ITAddrCplt)
    i.I2C_ITError                            0x080025d4   Section        0  stm32l0xx_hal_i2c.o(i.I2C_ITError)
    I2C_ITError                              0x080025d5   Thumb Code   218  stm32l0xx_hal_i2c.o(i.I2C_ITError)
    i.I2C_ITListenCplt                       0x080026c0   Section        0  stm32l0xx_hal_i2c.o(i.I2C_ITListenCplt)
    I2C_ITListenCplt                         0x080026c1   Thumb Code    94  stm32l0xx_hal_i2c.o(i.I2C_ITListenCplt)
    i.I2C_ITSlaveCplt                        0x08002728   Section        0  stm32l0xx_hal_i2c.o(i.I2C_ITSlaveCplt)
    I2C_ITSlaveCplt                          0x08002729   Thumb Code   302  stm32l0xx_hal_i2c.o(i.I2C_ITSlaveCplt)
    i.I2C_ITSlaveSeqCplt                     0x08002864   Section        0  stm32l0xx_hal_i2c.o(i.I2C_ITSlaveSeqCplt)
    I2C_ITSlaveSeqCplt                       0x08002865   Thumb Code   106  stm32l0xx_hal_i2c.o(i.I2C_ITSlaveSeqCplt)
    i.I2C_IsAcknowledgeFailed                0x080028d0   Section        0  stm32l0xx_hal_i2c.o(i.I2C_IsAcknowledgeFailed)
    I2C_IsAcknowledgeFailed                  0x080028d1   Thumb Code   130  stm32l0xx_hal_i2c.o(i.I2C_IsAcknowledgeFailed)
    i.I2C_RequestMemoryRead                  0x08002958   Section        0  stm32l0xx_hal_i2c.o(i.I2C_RequestMemoryRead)
    I2C_RequestMemoryRead                    0x08002959   Thumb Code    92  stm32l0xx_hal_i2c.o(i.I2C_RequestMemoryRead)
    i.I2C_RequestMemoryWrite                 0x080029b8   Section        0  stm32l0xx_hal_i2c.o(i.I2C_RequestMemoryWrite)
    I2C_RequestMemoryWrite                   0x080029b9   Thumb Code    92  stm32l0xx_hal_i2c.o(i.I2C_RequestMemoryWrite)
    i.I2C_Slave_ISR_IT                       0x08002a18   Section        0  stm32l0xx_hal_i2c.o(i.I2C_Slave_ISR_IT)
    I2C_Slave_ISR_IT                         0x08002a19   Thumb Code   294  stm32l0xx_hal_i2c.o(i.I2C_Slave_ISR_IT)
    i.I2C_TransferConfig                     0x08002b48   Section        0  stm32l0xx_hal_i2c.o(i.I2C_TransferConfig)
    I2C_TransferConfig                       0x08002b49   Thumb Code    34  stm32l0xx_hal_i2c.o(i.I2C_TransferConfig)
    i.I2C_TreatErrorCallback                 0x08002b70   Section        0  stm32l0xx_hal_i2c.o(i.I2C_TreatErrorCallback)
    I2C_TreatErrorCallback                   0x08002b71   Thumb Code    38  stm32l0xx_hal_i2c.o(i.I2C_TreatErrorCallback)
    i.I2C_WaitOnFlagUntilTimeout             0x08002b96   Section        0  stm32l0xx_hal_i2c.o(i.I2C_WaitOnFlagUntilTimeout)
    I2C_WaitOnFlagUntilTimeout               0x08002b97   Thumb Code    78  stm32l0xx_hal_i2c.o(i.I2C_WaitOnFlagUntilTimeout)
    i.I2C_WaitOnSTOPFlagUntilTimeout         0x08002be4   Section        0  stm32l0xx_hal_i2c.o(i.I2C_WaitOnSTOPFlagUntilTimeout)
    I2C_WaitOnSTOPFlagUntilTimeout           0x08002be5   Thumb Code    76  stm32l0xx_hal_i2c.o(i.I2C_WaitOnSTOPFlagUntilTimeout)
    i.I2C_WaitOnTXISFlagUntilTimeout         0x08002c30   Section        0  stm32l0xx_hal_i2c.o(i.I2C_WaitOnTXISFlagUntilTimeout)
    I2C_WaitOnTXISFlagUntilTimeout           0x08002c31   Thumb Code    80  stm32l0xx_hal_i2c.o(i.I2C_WaitOnTXISFlagUntilTimeout)
    i.I2Cx_ReadData16                        0x08002c80   Section        0  bme280.o(i.I2Cx_ReadData16)
    I2Cx_ReadData16                          0x08002c81   Thumb Code    36  bme280.o(i.I2Cx_ReadData16)
    i.I2Cx_ReadData24                        0x08002ca8   Section        0  bme280.o(i.I2Cx_ReadData24)
    I2Cx_ReadData24                          0x08002ca9   Thumb Code    36  bme280.o(i.I2Cx_ReadData24)
    i.MX_GPIO_Init                           0x08002cd0   Section        0  main.o(i.MX_GPIO_Init)
    MX_GPIO_Init                             0x08002cd1   Thumb Code   164  main.o(i.MX_GPIO_Init)
    i.MX_I2C1_SMBUS_Init                     0x08002d88   Section        0  main.o(i.MX_I2C1_SMBUS_Init)
    MX_I2C1_SMBUS_Init                       0x08002d89   Thumb Code    56  main.o(i.MX_I2C1_SMBUS_Init)
    i.MX_I2C2_Init                           0x08002dd0   Section        0  main.o(i.MX_I2C2_Init)
    MX_I2C2_Init                             0x08002dd1   Thumb Code    76  main.o(i.MX_I2C2_Init)
    i.MX_USART1_UART_Init                    0x08002e28   Section        0  main.o(i.MX_USART1_UART_Init)
    MX_USART1_UART_Init                      0x08002e29   Thumb Code    48  main.o(i.MX_USART1_UART_Init)
    i.NMI_Handler                            0x08002e60   Section        0  stm32l0xx_it.o(i.NMI_Handler)
    i.PendSV_Handler                         0x08002e62   Section        0  stm32l0xx_it.o(i.PendSV_Handler)
    i.SMBUS_Disable_IRQ                      0x08002e64   Section        0  stm32l0xx_hal_smbus.o(i.SMBUS_Disable_IRQ)
    SMBUS_Disable_IRQ                        0x08002e65   Thumb Code   112  stm32l0xx_hal_smbus.o(i.SMBUS_Disable_IRQ)
    i.SMBUS_ITErrorHandler                   0x08002ed4   Section        0  stm32l0xx_hal_smbus.o(i.SMBUS_ITErrorHandler)
    SMBUS_ITErrorHandler                     0x08002ed5   Thumb Code   180  stm32l0xx_hal_smbus.o(i.SMBUS_ITErrorHandler)
    i.SMBUS_Master_ISR                       0x08002f88   Section        0  stm32l0xx_hal_smbus.o(i.SMBUS_Master_ISR)
    SMBUS_Master_ISR                         0x08002f89   Thumb Code   454  stm32l0xx_hal_smbus.o(i.SMBUS_Master_ISR)
    i.SMBUS_Slave_ISR                        0x08003154   Section        0  stm32l0xx_hal_smbus.o(i.SMBUS_Slave_ISR)
    SMBUS_Slave_ISR                          0x08003155   Thumb Code   568  stm32l0xx_hal_smbus.o(i.SMBUS_Slave_ISR)
    i.SMBUS_TransferConfig                   0x08003398   Section        0  stm32l0xx_hal_smbus.o(i.SMBUS_TransferConfig)
    SMBUS_TransferConfig                     0x08003399   Thumb Code    34  stm32l0xx_hal_smbus.o(i.SMBUS_TransferConfig)
    i.SVC_Handler                            0x080033c0   Section        0  stm32l0xx_it.o(i.SVC_Handler)
    i.SysTick_Handler                        0x080033c2   Section        0  stm32l0xx_it.o(i.SysTick_Handler)
    i.SystemClock_Config                     0x080033cc   Section        0  main.o(i.SystemClock_Config)
    i.SystemInit                             0x08003450   Section        0  system_stm32l0xx.o(i.SystemInit)
    i.TIM6_IRQHandler                        0x08003454   Section        0  stm32l0xx_it.o(i.TIM6_IRQHandler)
    i.TIM_Base_SetConfig                     0x08003464   Section        0  stm32l0xx_hal_tim.o(i.TIM_Base_SetConfig)
    TIM_Base_SetConfig                       0x08003465   Thumb Code    78  stm32l0xx_hal_tim.o(i.TIM_Base_SetConfig)
    i.UART_AdvFeatureConfig                  0x080034bc   Section        0  stm32l0xx_hal_uart.o(i.UART_AdvFeatureConfig)
    i.UART_CheckIdleState                    0x08003588   Section        0  stm32l0xx_hal_uart.o(i.UART_CheckIdleState)
    i.UART_DMAAbortOnError                   0x080035ec   Section        0  stm32l0xx_hal_uart.o(i.UART_DMAAbortOnError)
    UART_DMAAbortOnError                     0x080035ed   Thumb Code    20  stm32l0xx_hal_uart.o(i.UART_DMAAbortOnError)
    i.UART_EndRxTransfer                     0x08003600   Section        0  stm32l0xx_hal_uart.o(i.UART_EndRxTransfer)
    UART_EndRxTransfer                       0x08003601   Thumb Code    94  stm32l0xx_hal_uart.o(i.UART_EndRxTransfer)
    i.UART_RxISR_16BIT                       0x0800365e   Section        0  stm32l0xx_hal_uart.o(i.UART_RxISR_16BIT)
    UART_RxISR_16BIT                         0x0800365f   Thumb Code   168  stm32l0xx_hal_uart.o(i.UART_RxISR_16BIT)
    i.UART_RxISR_8BIT                        0x08003706   Section        0  stm32l0xx_hal_uart.o(i.UART_RxISR_8BIT)
    UART_RxISR_8BIT                          0x08003707   Thumb Code   168  stm32l0xx_hal_uart.o(i.UART_RxISR_8BIT)
    i.UART_SetConfig                         0x080037b0   Section        0  stm32l0xx_hal_uart.o(i.UART_SetConfig)
    i.UART_Start_Receive_IT                  0x080039b0   Section        0  stm32l0xx_hal_uart.o(i.UART_Start_Receive_IT)
    i.UART_TxISR_16BIT                       0x08003a64   Section        0  stm32l0xx_hal_uart.o(i.UART_TxISR_16BIT)
    UART_TxISR_16BIT                         0x08003a65   Thumb Code    94  stm32l0xx_hal_uart.o(i.UART_TxISR_16BIT)
    i.UART_TxISR_8BIT                        0x08003ac2   Section        0  stm32l0xx_hal_uart.o(i.UART_TxISR_8BIT)
    UART_TxISR_8BIT                          0x08003ac3   Thumb Code    90  stm32l0xx_hal_uart.o(i.UART_TxISR_8BIT)
    i.UART_WaitOnFlagUntilTimeout            0x08003b1c   Section        0  stm32l0xx_hal_uart.o(i.UART_WaitOnFlagUntilTimeout)
    i.USART1_IRQHandler                      0x08003bf0   Section        0  stm32l0xx_it.o(i.USART1_IRQHandler)
    i.__ARM_common_ll_muluu                  0x08003c00   Section        0  bme280.o(i.__ARM_common_ll_muluu)
    i.__ARM_common_switch8                   0x08003c30   Section        0  stm32l0xx_hal_dma.o(i.__ARM_common_switch8)
    i.__NVIC_SetPriority                     0x08003c4c   Section        0  stm32l0xx_hal_cortex.o(i.__NVIC_SetPriority)
    __NVIC_SetPriority                       0x08003c4d   Thumb Code    60  stm32l0xx_hal_cortex.o(i.__NVIC_SetPriority)
    i.main                                   0x08003c90   Section        0  main.o(i.main)
    .constdata                               0x08003d84   Section       25  system_stm32l0xx.o(.constdata)
    x$fpl$usenofp                            0x08003d84   Section        0  usenofp.o(x$fpl$usenofp)
    .constdata                               0x08003d9d   Section        8  system_stm32l0xx.o(.constdata)
    .constdata                               0x08003da5   Section       64  fdiv.o(.constdata)
    fdiv_tab                                 0x08003da5   Data          64  fdiv.o(.constdata)
    .data                                    0x20000000   Section        4  bme280.o(.data)
    .data                                    0x20000004   Section        8  main.o(.data)
    .data                                    0x2000000c   Section       12  stm32l0xx_hal.o(.data)
    .data                                    0x20000018   Section        4  system_stm32l0xx.o(.data)
    .bss                                     0x2000001c   Section       36  bme280.o(.bss)
    .bss                                     0x20000040   Section      608  main.o(.bss)
    .bss                                     0x200002a0   Section       96  libspace.o(.bss)
    HEAP                                     0x20000300   Section      512  startup_stm32l051xx.o(HEAP)
    Heap_Mem                                 0x20000300   Data         512  startup_stm32l051xx.o(HEAP)
    STACK                                    0x20000500   Section     1024  startup_stm32l051xx.o(STACK)
    Stack_Mem                                0x20000500   Data        1024  startup_stm32l051xx.o(STACK)
    __initial_sp                             0x20000900   Data           0  startup_stm32l051xx.o(STACK)

    Global Symbols

    Symbol Name                              Value     Ov Type        Size  Object(Section)

    BuildAttributes$$THM_ISAv3M$S$PE$A:L22$X:L11$S22$IEEE1$IW$USESV6$~STKCKD$USESV7$~SHL$OTIME$ROPI$IEEEX$EBA8$UX$STANDARDLIB$REQ8$PRES8$EABIv2 0x00000000   Number         0  anon$$obj.o ABSOLUTE
    __ARM_use_no_argv                        0x00000000   Number         0  main.o ABSOLUTE
    __ARM_exceptions_init                     - Undefined Weak Reference
    __alloca_initialize                       - Undefined Weak Reference
    __arm_fini_                               - Undefined Weak Reference
    __arm_preinit_                            - Undefined Weak Reference
    __cpp_initialize__aeabi_                  - Undefined Weak Reference
    __cxa_finalize                            - Undefined Weak Reference
    __rt_locale                               - Undefined Weak Reference
    __sigvec_lookup                           - Undefined Weak Reference
    _atexit_init                              - Undefined Weak Reference
    _call_atexit_fns                          - Undefined Weak Reference
    _clock_init                               - Undefined Weak Reference
    _fp_trap_init                             - Undefined Weak Reference
    _fp_trap_shutdown                         - Undefined Weak Reference
    _get_lc_collate                           - Undefined Weak Reference
    _get_lc_ctype                             - Undefined Weak Reference
    _get_lc_monetary                          - Undefined Weak Reference
    _get_lc_numeric                           - Undefined Weak Reference
    _get_lc_time                              - Undefined Weak Reference
    _getenv_init                              - Undefined Weak Reference
    _handle_redirection                       - Undefined Weak Reference
    _init_alloc                               - Undefined Weak Reference
    _init_user_alloc                          - Undefined Weak Reference
    _initio                                   - Undefined Weak Reference
    _rand_init                                - Undefined Weak Reference
    _signal_finish                            - Undefined Weak Reference
    _signal_init                              - Undefined Weak Reference
    _terminate_alloc                          - Undefined Weak Reference
    _terminate_user_alloc                     - Undefined Weak Reference
    _terminateio                              - Undefined Weak Reference
    __Vectors_Size                           0x000000c0   Number         0  startup_stm32l051xx.o ABSOLUTE
    __Vectors                                0x08000000   Data           4  startup_stm32l051xx.o(RESET)
    __Vectors_End                            0x080000c0   Data           0  startup_stm32l051xx.o(RESET)
    __main                                   0x080000c1   Thumb Code     8  __main.o(!!!main)
    __scatterload                            0x080000c9   Thumb Code     0  __scatter.o(!!!scatter)
    __scatterload_rt2                        0x080000c9   Thumb Code    52  __scatter.o(!!!scatter)
    __scatterload_rt2_thumb_only             0x080000c9   Thumb Code     0  __scatter.o(!!!scatter)
    __scatterload_null                       0x080000d9   Thumb Code     0  __scatter.o(!!!scatter)
    __scatterload_copy                       0x08000105   Thumb Code    26  __scatter_copy.o(!!handler_copy)
    __scatterload_zeroinit                   0x08000121   Thumb Code    28  __scatter_zi.o(!!handler_zi)
    __rt_lib_init                            0x0800013d   Thumb Code     0  libinit.o(.ARM.Collect$$libinit$$00000000)
    __rt_lib_init_alloca_1                   0x0800013f   Thumb Code     0  libinit2.o(.ARM.Collect$$libinit$$0000002E)
    __rt_lib_init_argv_1                     0x0800013f   Thumb Code     0  libinit2.o(.ARM.Collect$$libinit$$0000002C)
    __rt_lib_init_atexit_1                   0x0800013f   Thumb Code     0  libinit2.o(.ARM.Collect$$libinit$$0000001B)
    __rt_lib_init_clock_1                    0x0800013f   Thumb Code     0  libinit2.o(.ARM.Collect$$libinit$$00000021)
    __rt_lib_init_cpp_1                      0x0800013f   Thumb Code     0  libinit2.o(.ARM.Collect$$libinit$$00000032)
    __rt_lib_init_exceptions_1               0x0800013f   Thumb Code     0  libinit2.o(.ARM.Collect$$libinit$$00000030)
    __rt_lib_init_fp_1                       0x0800013f   Thumb Code     0  libinit2.o(.ARM.Collect$$libinit$$00000002)
    __rt_lib_init_fp_trap_1                  0x0800013f   Thumb Code     0  libinit2.o(.ARM.Collect$$libinit$$0000001F)
    __rt_lib_init_getenv_1                   0x0800013f   Thumb Code     0  libinit2.o(.ARM.Collect$$libinit$$00000023)
    __rt_lib_init_heap_1                     0x0800013f   Thumb Code     0  libinit2.o(.ARM.Collect$$libinit$$0000000A)
    __rt_lib_init_lc_collate_1               0x0800013f   Thumb Code     0  libinit2.o(.ARM.Collect$$libinit$$00000011)
    __rt_lib_init_lc_ctype_1                 0x0800013f   Thumb Code     0  libinit2.o(.ARM.Collect$$libinit$$00000013)
    __rt_lib_init_lc_monetary_1              0x0800013f   Thumb Code     0  libinit2.o(.ARM.Collect$$libinit$$00000015)
    __rt_lib_init_lc_numeric_1               0x0800013f   Thumb Code     0  libinit2.o(.ARM.Collect$$libinit$$00000017)
    __rt_lib_init_lc_time_1                  0x0800013f   Thumb Code     0  libinit2.o(.ARM.Collect$$libinit$$00000019)
    __rt_lib_init_preinit_1                  0x0800013f   Thumb Code     0  libinit2.o(.ARM.Collect$$libinit$$00000004)
    __rt_lib_init_rand_1                     0x0800013f   Thumb Code     0  libinit2.o(.ARM.Collect$$libinit$$0000000E)
    __rt_lib_init_return                     0x0800013f   Thumb Code     0  libinit2.o(.ARM.Collect$$libinit$$00000033)
    __rt_lib_init_signal_1                   0x0800013f   Thumb Code     0  libinit2.o(.ARM.Collect$$libinit$$0000001D)
    __rt_lib_init_stdio_1                    0x0800013f   Thumb Code     0  libinit2.o(.ARM.Collect$$libinit$$00000025)
    __rt_lib_init_user_alloc_1               0x0800013f   Thumb Code     0  libinit2.o(.ARM.Collect$$libinit$$0000000C)
    __rt_lib_shutdown                        0x08000141   Thumb Code     0  libshutdown.o(.ARM.Collect$$libshutdown$$00000000)
    __rt_lib_shutdown_cpp_1                  0x08000143   Thumb Code     0  libshutdown2.o(.ARM.Collect$$libshutdown$$00000004)
    __rt_lib_shutdown_fini_1                 0x08000143   Thumb Code     0  libshutdown2.o(.ARM.Collect$$libshutdown$$00000002)
    __rt_lib_shutdown_fp_trap_1              0x08000143   Thumb Code     0  libshutdown2.o(.ARM.Collect$$libshutdown$$00000009)
    __rt_lib_shutdown_heap_1                 0x08000143   Thumb Code     0  libshutdown2.o(.ARM.Collect$$libshutdown$$00000011)
    __rt_lib_shutdown_return                 0x08000143   Thumb Code     0  libshutdown2.o(.ARM.Collect$$libshutdown$$00000012)
    __rt_lib_shutdown_signal_1               0x08000143   Thumb Code     0  libshutdown2.o(.ARM.Collect$$libshutdown$$0000000C)
    __rt_lib_shutdown_stdio_1                0x08000143   Thumb Code     0  libshutdown2.o(.ARM.Collect$$libshutdown$$00000006)
    __rt_lib_shutdown_user_alloc_1           0x08000143   Thumb Code     0  libshutdown2.o(.ARM.Collect$$libshutdown$$0000000E)
    __rt_entry                               0x08000145   Thumb Code     0  __rtentry.o(.ARM.Collect$$rtentry$$00000000)
    __rt_entry_presh_1                       0x08000145   Thumb Code     0  __rtentry2.o(.ARM.Collect$$rtentry$$00000002)
    __rt_entry_sh                            0x08000145   Thumb Code     0  __rtentry4.o(.ARM.Collect$$rtentry$$00000004)
    __rt_entry_li                            0x0800014b   Thumb Code     0  __rtentry2.o(.ARM.Collect$$rtentry$$0000000A)
    __rt_entry_postsh_1                      0x0800014b   Thumb Code     0  __rtentry2.o(.ARM.Collect$$rtentry$$00000009)
    __rt_entry_main                          0x0800014f   Thumb Code     0  __rtentry2.o(.ARM.Collect$$rtentry$$0000000D)
    __rt_entry_postli_1                      0x0800014f   Thumb Code     0  __rtentry2.o(.ARM.Collect$$rtentry$$0000000C)
    __rt_exit                                0x08000157   Thumb Code     0  rtexit.o(.ARM.Collect$$rtexit$$00000000)
    __rt_exit_ls                             0x08000159   Thumb Code     0  rtexit2.o(.ARM.Collect$$rtexit$$00000003)
    __rt_exit_prels_1                        0x08000159   Thumb Code     0  rtexit2.o(.ARM.Collect$$rtexit$$00000002)
    __rt_exit_exit                           0x0800015d   Thumb Code     0  rtexit2.o(.ARM.Collect$$rtexit$$00000004)
    Reset_Handler                            0x08000165   Thumb Code     8  startup_stm32l051xx.o(.text)
    ADC1_COMP_IRQHandler                     0x08000177   Thumb Code     0  startup_stm32l051xx.o(.text)
    DMA1_Channel1_IRQHandler                 0x08000177   Thumb Code     0  startup_stm32l051xx.o(.text)
    DMA1_Channel2_3_IRQHandler               0x08000177   Thumb Code     0  startup_stm32l051xx.o(.text)
    DMA1_Channel4_5_6_7_IRQHandler           0x08000177   Thumb Code     0  startup_stm32l051xx.o(.text)
    EXTI0_1_IRQHandler                       0x08000177   Thumb Code     0  startup_stm32l051xx.o(.text)
    EXTI2_3_IRQHandler                       0x08000177   Thumb Code     0  startup_stm32l051xx.o(.text)
    EXTI4_15_IRQHandler                      0x08000177   Thumb Code     0  startup_stm32l051xx.o(.text)
    FLASH_IRQHandler                         0x08000177   Thumb Code     0  startup_stm32l051xx.o(.text)
    LPTIM1_IRQHandler                        0x08000177   Thumb Code     0  startup_stm32l051xx.o(.text)
    LPUART1_IRQHandler                       0x08000177   Thumb Code     0  startup_stm32l051xx.o(.text)
    PVD_IRQHandler                           0x08000177   Thumb Code     0  startup_stm32l051xx.o(.text)
    RCC_IRQHandler                           0x08000177   Thumb Code     0  startup_stm32l051xx.o(.text)
    RTC_IRQHandler                           0x08000177   Thumb Code     0  startup_stm32l051xx.o(.text)
    SPI1_IRQHandler                          0x08000177   Thumb Code     0  startup_stm32l051xx.o(.text)
    SPI2_IRQHandler                          0x08000177   Thumb Code     0  startup_stm32l051xx.o(.text)
    TIM21_IRQHandler                         0x08000177   Thumb Code     0  startup_stm32l051xx.o(.text)
    TIM22_IRQHandler                         0x08000177   Thumb Code     0  startup_stm32l051xx.o(.text)
    TIM2_IRQHandler                          0x08000177   Thumb Code     0  startup_stm32l051xx.o(.text)
    USART2_IRQHandler                        0x08000177   Thumb Code     0  startup_stm32l051xx.o(.text)
    WWDG_IRQHandler                          0x08000177   Thumb Code     0  startup_stm32l051xx.o(.text)
    __user_initial_stackheap                 0x08000179   Thumb Code     0  startup_stm32l051xx.o(.text)
    __aeabi_uldivmod                         0x0800019d   Thumb Code   258  lludiv.o(.text)
    _ll_udiv                                 0x0800019d   Thumb Code     0  lludiv.o(.text)
    _memset_w                                0x0800029f   Thumb Code    26  rt_memclr.o(.text)
    _memset                                  0x080002b9   Thumb Code    30  rt_memclr.o(.text)
    __aeabi_memclr                           0x080002d7   Thumb Code     4  rt_memclr.o(.text)
    __rt_memclr                              0x080002d7   Thumb Code     0  rt_memclr.o(.text)
    __aeabi_memclr4                          0x080002db   Thumb Code     0  rt_memclr.o(.text)
    __aeabi_memclr8                          0x080002db   Thumb Code     0  rt_memclr.o(.text)
    __rt_memclr_w                            0x080002db   Thumb Code     4  rt_memclr.o(.text)
    __aeabi_uidiv                            0x080002df   Thumb Code     0  aeabi_sdiv.o(.text)
    __aeabi_uidivmod                         0x080002df   Thumb Code    20  aeabi_sdiv.o(.text)
    __aeabi_idiv                             0x080002f3   Thumb Code     0  aeabi_sdiv.o(.text)
    __aeabi_idivmod                          0x080002f3   Thumb Code   326  aeabi_sdiv.o(.text)
    __use_two_region_memory                  0x08000439   Thumb Code     2  heapauxi.o(.text)
    __rt_heap_escrow$2region                 0x0800043b   Thumb Code     2  heapauxi.o(.text)
    __rt_heap_expand$2region                 0x0800043d   Thumb Code     2  heapauxi.o(.text)
    __aeabi_fdiv                             0x08000441   Thumb Code     0  fdiv.o(.text)
    _fdiv                                    0x08000441   Thumb Code   334  fdiv.o(.text)
    _frdiv                                   0x0800058f   Thumb Code     8  fdiv.o(.text)
    __aeabi_f2uiz                            0x080005a1   Thumb Code     0  ffixui.o(.text)
    _ffixu                                   0x080005a1   Thumb Code    48  ffixui.o(.text)
    __aeabi_i2f_normalise                    0x080005d1   Thumb Code    72  fflti.o(.text)
    __aeabi_i2f                              0x08000619   Thumb Code    16  fflti.o(.text)
    _fflt                                    0x08000619   Thumb Code     0  fflti.o(.text)
    __aeabi_ui2f                             0x08000629   Thumb Code     6  fflti.o(.text)
    _ffltu                                   0x08000629   Thumb Code     0  fflti.o(.text)
    __user_libspace                          0x08000631   Thumb Code     8  libspace.o(.text)
    __user_perproc_libspace                  0x08000631   Thumb Code     0  libspace.o(.text)
    __user_perthread_libspace                0x08000631   Thumb Code     0  libspace.o(.text)
    __user_setup_stackheap                   0x08000639   Thumb Code    62  sys_stackheap_outer.o(.text)
    exit                                     0x08000677   Thumb Code    16  exit.o(.text)
    _sys_exit                                0x08000689   Thumb Code     8  sys_exit.o(.text)
    __I$use$semihosting                      0x08000695   Thumb Code     0  use_no_semi.o(.text)
    __use_no_semihosting_swi                 0x08000695   Thumb Code     2  use_no_semi.o(.text)
    BME280_Init                              0x08000697   Thumb Code   102  bme280.o(i.BME280_Init)
    __semihosting_library_function           0x08000697   Thumb Code     0  indicate_semi.o(.text)
    BME280_ReadCoefficients                  0x080006fd   Thumb Code   198  bme280.o(i.BME280_ReadCoefficients)
    BME280_ReadReg                           0x080007c9   Thumb Code    48  bme280.o(i.BME280_ReadReg)
    BME280_ReadReg_BE_U24                    0x080007fd   Thumb Code    38  bme280.o(i.BME280_ReadReg_BE_U24)
    BME280_ReadReg_S16                       0x08000823   Thumb Code    14  bme280.o(i.BME280_ReadReg_S16)
    BME280_ReadReg_U16                       0x08000831   Thumb Code    14  bme280.o(i.BME280_ReadReg_U16)
    BME280_ReadStatus                        0x0800083f   Thumb Code    14  bme280.o(i.BME280_ReadStatus)
    BME280_ReadTemperature                   0x0800084d   Thumb Code    76  bme280.o(i.BME280_ReadTemperature)
    BME280_SetFilter                         0x080008a5   Thumb Code    30  bme280.o(i.BME280_SetFilter)
    BME280_SetMode                           0x080008c3   Thumb Code    28  bme280.o(i.BME280_SetMode)
    BME280_SetOversamplingHum                0x080008df   Thumb Code    42  bme280.o(i.BME280_SetOversamplingHum)
    BME280_SetOversamplingPressure           0x08000909   Thumb Code    30  bme280.o(i.BME280_SetOversamplingPressure)
    BME280_SetOversamplingTemper             0x08000927   Thumb Code    28  bme280.o(i.BME280_SetOversamplingTemper)
    BME280_SetStandby                        0x08000943   Thumb Code    28  bme280.o(i.BME280_SetStandby)
    BME280_WriteReg                          0x08000961   Thumb Code    42  bme280.o(i.BME280_WriteReg)
    CheckCRC16                               0x08000991   Thumb Code    74  main.o(i.CheckCRC16)
    Error                                    0x080009e5   Thumb Code    16  bme280.o(i.Error)
    GenCRC16                                 0x080009f5   Thumb Code    58  main.o(i.GenCRC16)
    HAL_DMA_Abort                            0x08000a39   Thumb Code    68  stm32l0xx_hal_dma.o(i.HAL_DMA_Abort)
    HAL_DMA_Abort_IT                         0x08000a7d   Thumb Code    76  stm32l0xx_hal_dma.o(i.HAL_DMA_Abort_IT)
    HAL_DMA_GetState                         0x08000ac9   Thumb Code     6  stm32l0xx_hal_dma.o(i.HAL_DMA_GetState)
    HAL_Delay                                0x08000ad1   Thumb Code    32  stm32l0xx_hal.o(i.HAL_Delay)
    HAL_GPIO_Init                            0x08000af5   Thumb Code   402  stm32l0xx_hal_gpio.o(i.HAL_GPIO_Init)
    HAL_GPIO_WritePin                        0x08000ca5   Thumb Code    12  stm32l0xx_hal_gpio.o(i.HAL_GPIO_WritePin)
    HAL_GetTick                              0x08000cb1   Thumb Code     6  stm32l0xx_hal.o(i.HAL_GetTick)
    HAL_I2CEx_ConfigAnalogFilter             0x08000cbd   Thumb Code    74  stm32l0xx_hal_i2c_ex.o(i.HAL_I2CEx_ConfigAnalogFilter)
    HAL_I2CEx_ConfigDigitalFilter            0x08000d07   Thumb Code    72  stm32l0xx_hal_i2c_ex.o(i.HAL_I2CEx_ConfigDigitalFilter)
    HAL_I2C_AbortCpltCallback                0x08000d4f   Thumb Code     2  stm32l0xx_hal_i2c.o(i.HAL_I2C_AbortCpltCallback)
    HAL_I2C_AddrCallback                     0x08000d51   Thumb Code     2  stm32l0xx_hal_i2c.o(i.HAL_I2C_AddrCallback)
    HAL_I2C_ER_IRQHandler                    0x08000d53   Thumb Code    94  stm32l0xx_hal_i2c.o(i.HAL_I2C_ER_IRQHandler)
    HAL_I2C_EV_IRQHandler                    0x08000db1   Thumb Code    16  stm32l0xx_hal_i2c.o(i.HAL_I2C_EV_IRQHandler)
    HAL_I2C_ErrorCallback                    0x08000dc1   Thumb Code     2  stm32l0xx_hal_i2c.o(i.HAL_I2C_ErrorCallback)
    HAL_I2C_Init                             0x08000dc5   Thumb Code   176  stm32l0xx_hal_i2c.o(i.HAL_I2C_Init)
    HAL_I2C_ListenCpltCallback               0x08000e79   Thumb Code     2  stm32l0xx_hal_i2c.o(i.HAL_I2C_ListenCpltCallback)
    HAL_I2C_Mem_Read                         0x08000e7d   Thumb Code   332  stm32l0xx_hal_i2c.o(i.HAL_I2C_Mem_Read)
    HAL_I2C_Mem_Write                        0x08000fd1   Thumb Code   326  stm32l0xx_hal_i2c.o(i.HAL_I2C_Mem_Write)
    HAL_I2C_MspInit                          0x0800111d   Thumb Code    98  stm32l0xx_hal_msp.o(i.HAL_I2C_MspInit)
    HAL_I2C_SlaveRxCpltCallback              0x0800118d   Thumb Code     2  stm32l0xx_hal_i2c.o(i.HAL_I2C_SlaveRxCpltCallback)
    HAL_I2C_SlaveTxCpltCallback              0x0800118f   Thumb Code     2  stm32l0xx_hal_i2c.o(i.HAL_I2C_SlaveTxCpltCallback)
    HAL_IncTick                              0x08001191   Thumb Code    12  stm32l0xx_hal.o(i.HAL_IncTick)
    HAL_Init                                 0x080011a1   Thumb Code    36  stm32l0xx_hal.o(i.HAL_Init)
    HAL_InitTick                             0x080011c9   Thumb Code    58  stm32l0xx_hal.o(i.HAL_InitTick)
    HAL_MspInit                              0x0800120d   Thumb Code    20  stm32l0xx_hal_msp.o(i.HAL_MspInit)
    HAL_NVIC_EnableIRQ                       0x08001225   Thumb Code    18  stm32l0xx_hal_cortex.o(i.HAL_NVIC_EnableIRQ)
    HAL_NVIC_SetPriority                     0x0800123d   Thumb Code     8  stm32l0xx_hal_cortex.o(i.HAL_NVIC_SetPriority)
    HAL_RCCEx_PeriphCLKConfig                0x08001245   Thumb Code   342  stm32l0xx_hal_rcc_ex.o(i.HAL_RCCEx_PeriphCLKConfig)
    HAL_RCC_ClockConfig                      0x080013a9   Thumb Code   386  stm32l0xx_hal_rcc.o(i.HAL_RCC_ClockConfig)
    HAL_RCC_GetPCLK1Freq                     0x08001545   Thumb Code    20  stm32l0xx_hal_rcc.o(i.HAL_RCC_GetPCLK1Freq)
    HAL_RCC_GetPCLK2Freq                     0x08001565   Thumb Code    20  stm32l0xx_hal_rcc.o(i.HAL_RCC_GetPCLK2Freq)
    HAL_RCC_GetSysClockFreq                  0x08001585   Thumb Code   108  stm32l0xx_hal_rcc.o(i.HAL_RCC_GetSysClockFreq)
    HAL_RCC_OscConfig                        0x080015fd   Thumb Code  1062  stm32l0xx_hal_rcc.o(i.HAL_RCC_OscConfig)
    HAL_SMBUS_AddrCallback                   0x08001a23   Thumb Code     2  stm32l0xx_hal_smbus.o(i.HAL_SMBUS_AddrCallback)
    HAL_SMBUS_ER_IRQHandler                  0x08001a25   Thumb Code     8  stm32l0xx_hal_smbus.o(i.HAL_SMBUS_ER_IRQHandler)
    HAL_SMBUS_EV_IRQHandler                  0x08001a2d   Thumb Code   182  stm32l0xx_hal_smbus.o(i.HAL_SMBUS_EV_IRQHandler)
    HAL_SMBUS_ErrorCallback                  0x08001ae3   Thumb Code     2  stm32l0xx_hal_smbus.o(i.HAL_SMBUS_ErrorCallback)
    HAL_SMBUS_Init                           0x08001ae5   Thumb Code   228  stm32l0xx_hal_smbus.o(i.HAL_SMBUS_Init)
    HAL_SMBUS_ListenCpltCallback             0x08001bcd   Thumb Code     2  stm32l0xx_hal_smbus.o(i.HAL_SMBUS_ListenCpltCallback)
    HAL_SMBUS_MasterRxCpltCallback           0x08001bcf   Thumb Code     2  stm32l0xx_hal_smbus.o(i.HAL_SMBUS_MasterRxCpltCallback)
    HAL_SMBUS_MasterTxCpltCallback           0x08001bd1   Thumb Code     2  stm32l0xx_hal_smbus.o(i.HAL_SMBUS_MasterTxCpltCallback)
    HAL_SMBUS_MspInit                        0x08001bd5   Thumb Code    96  stm32l0xx_hal_msp.o(i.HAL_SMBUS_MspInit)
    HAL_SMBUS_SlaveRxCpltCallback            0x08001c41   Thumb Code     2  stm32l0xx_hal_smbus.o(i.HAL_SMBUS_SlaveRxCpltCallback)
    HAL_SMBUS_SlaveTxCpltCallback            0x08001c43   Thumb Code     2  stm32l0xx_hal_smbus.o(i.HAL_SMBUS_SlaveTxCpltCallback)
    HAL_SYSTICK_Config                       0x08001c45   Thumb Code    38  stm32l0xx_hal_cortex.o(i.HAL_SYSTICK_Config)
    HAL_TIMEx_MasterConfigSynchronization    0x08001c75   Thumb Code    78  stm32l0xx_hal_tim_ex.o(i.HAL_TIMEx_MasterConfigSynchronization)
    HAL_TIM_Base_Init                        0x08001ccd   Thumb Code    62  stm32l0xx_hal_tim.o(i.HAL_TIM_Base_Init)
    HAL_TIM_Base_MspInit                     0x08001d0d   Thumb Code    38  stm32l0xx_hal_msp.o(i.HAL_TIM_Base_MspInit)
    HAL_TIM_Base_Start_IT                    0x08001d3d   Thumb Code    68  stm32l0xx_hal_tim.o(i.HAL_TIM_Base_Start_IT)
    HAL_TIM_Base_Stop_IT                     0x08001d89   Thumb Code    38  stm32l0xx_hal_tim.o(i.HAL_TIM_Base_Stop_IT)
    HAL_TIM_IC_CaptureCallback               0x08001db5   Thumb Code     2  stm32l0xx_hal_tim.o(i.HAL_TIM_IC_CaptureCallback)
    HAL_TIM_IRQHandler                       0x08001db7   Thumb Code   294  stm32l0xx_hal_tim.o(i.HAL_TIM_IRQHandler)
    HAL_TIM_OC_DelayElapsedCallback          0x08001edd   Thumb Code     2  stm32l0xx_hal_tim.o(i.HAL_TIM_OC_DelayElapsedCallback)
    HAL_TIM_PWM_PulseFinishedCallback        0x08001edf   Thumb Code     2  stm32l0xx_hal_tim.o(i.HAL_TIM_PWM_PulseFinishedCallback)
    HAL_TIM_PeriodElapsedCallback            0x08001ee1   Thumb Code   156  main.o(i.HAL_TIM_PeriodElapsedCallback)
    HAL_TIM_TriggerCallback                  0x08001f8d   Thumb Code     2  stm32l0xx_hal_tim.o(i.HAL_TIM_TriggerCallback)
    HAL_UARTEx_RxEventCallback               0x08001f8f   Thumb Code     2  stm32l0xx_hal_uart.o(i.HAL_UARTEx_RxEventCallback)
    HAL_UARTEx_WakeupCallback                0x08001f91   Thumb Code     2  stm32l0xx_hal_uart_ex.o(i.HAL_UARTEx_WakeupCallback)
    HAL_UART_ErrorCallback                   0x08001f93   Thumb Code     2  stm32l0xx_hal_uart.o(i.HAL_UART_ErrorCallback)
    HAL_UART_IRQHandler                      0x08001f95   Thumb Code   664  stm32l0xx_hal_uart.o(i.HAL_UART_IRQHandler)
    HAL_UART_Init                            0x08002239   Thumb Code   106  stm32l0xx_hal_uart.o(i.HAL_UART_Init)
    HAL_UART_MspInit                         0x080022a5   Thumb Code   100  stm32l0xx_hal_msp.o(i.HAL_UART_MspInit)
    HAL_UART_Receive_IT                      0x08002311   Thumb Code   106  stm32l0xx_hal_uart.o(i.HAL_UART_Receive_IT)
    HAL_UART_RxCpltCallback                  0x08002381   Thumb Code    60  main.o(i.HAL_UART_RxCpltCallback)
    HAL_UART_Transmit_IT                     0x080023c9   Thumb Code   126  stm32l0xx_hal_uart.o(i.HAL_UART_Transmit_IT)
    HAL_UART_TxCpltCallback                  0x08002451   Thumb Code    42  main.o(i.HAL_UART_TxCpltCallback)
    HardFault_Handler                        0x08002485   Thumb Code     2  stm32l0xx_it.o(i.HardFault_Handler)
    I2C1_IRQHandler                          0x08002489   Thumb Code    28  stm32l0xx_it.o(i.I2C1_IRQHandler)
    I2C2_IRQHandler                          0x080024a9   Thumb Code    28  stm32l0xx_it.o(i.I2C2_IRQHandler)
    NMI_Handler                              0x08002e61   Thumb Code     2  stm32l0xx_it.o(i.NMI_Handler)
    PendSV_Handler                           0x08002e63   Thumb Code     2  stm32l0xx_it.o(i.PendSV_Handler)
    SVC_Handler                              0x080033c1   Thumb Code     2  stm32l0xx_it.o(i.SVC_Handler)
    SysTick_Handler                          0x080033c3   Thumb Code     8  stm32l0xx_it.o(i.SysTick_Handler)
    SystemClock_Config                       0x080033cd   Thumb Code   128  main.o(i.SystemClock_Config)
    SystemInit                               0x08003451   Thumb Code     2  system_stm32l0xx.o(i.SystemInit)
    TIM6_IRQHandler                          0x08003455   Thumb Code    10  stm32l0xx_it.o(i.TIM6_IRQHandler)
    UART_AdvFeatureConfig                    0x080034bd   Thumb Code   202  stm32l0xx_hal_uart.o(i.UART_AdvFeatureConfig)
    UART_CheckIdleState                      0x08003589   Thumb Code    94  stm32l0xx_hal_uart.o(i.UART_CheckIdleState)
    UART_SetConfig                           0x080037b1   Thumb Code   480  stm32l0xx_hal_uart.o(i.UART_SetConfig)
    UART_Start_Receive_IT                    0x080039b1   Thumb Code   166  stm32l0xx_hal_uart.o(i.UART_Start_Receive_IT)
    UART_WaitOnFlagUntilTimeout              0x08003b1d   Thumb Code   212  stm32l0xx_hal_uart.o(i.UART_WaitOnFlagUntilTimeout)
    USART1_IRQHandler                        0x08003bf1   Thumb Code    10  stm32l0xx_it.o(i.USART1_IRQHandler)
    __ARM_common_ll_muluu                    0x08003c01   Thumb Code    48  bme280.o(i.__ARM_common_ll_muluu)
    __ARM_common_switch8                     0x08003c31   Thumb Code    26  stm32l0xx_hal_dma.o(i.__ARM_common_switch8)
    main                                     0x08003c91   Thumb Code   228  main.o(i.main)
    AHBPrescTable                            0x08003d84   Data          16  system_stm32l0xx.o(.constdata)
    __I$use$fp                               0x08003d84   Number         0  usenofp.o(x$fpl$usenofp)
    PLLMulTable                              0x08003d94   Data           9  system_stm32l0xx.o(.constdata)
    APBPrescTable                            0x08003d9d   Data           8  system_stm32l0xx.o(.constdata)
    Region$$Table$$Base                      0x08003de8   Number         0  anon$$obj.o(Region$$Table)
    Region$$Table$$Limit                     0x08003e08   Number         0  anon$$obj.o(Region$$Table)
    temper_int                               0x20000000   Data           4  bme280.o(.data)
    cnt                                      0x20000004   Data           1  main.o(.data)
    str                                      0x20000005   Data           1  main.o(.data)
    temp                                     0x20000006   Data           2  main.o(.data)
    tf                                       0x20000008   Data           4  main.o(.data)
    uwTickFreq                               0x2000000c   Data           1  stm32l0xx_hal.o(.data)
    uwTickPrio                               0x20000010   Data           4  stm32l0xx_hal.o(.data)
    uwTick                                   0x20000014   Data           4  stm32l0xx_hal.o(.data)
    SystemCoreClock                          0x20000018   Data           4  system_stm32l0xx.o(.data)
    CalibData                                0x2000001c   Data          36  bme280.o(.bss)
    buff_uart                                0x20000040   Data         255  main.o(.bss)
    hsmbus1                                  0x20000140   Data          80  main.o(.bss)
    hi2c2                                    0x20000190   Data          76  main.o(.bss)
    htim6                                    0x200001dc   Data          64  main.o(.bss)
    huart1                                   0x2000021c   Data         132  main.o(.bss)
    __libspace_start                         0x200002a0   Data          96  libspace.o(.bss)
    __temporary_stack_top$libspace           0x20000300   Data           0  libspace.o(.bss)



==============================================================================

Memory Map of the image

  Image Entry point : 0x080000c1

  Load Region LR_IROM1 (Base: 0x08000000, Size: 0x00003e24, Max: 0x00008000, ABSOLUTE)

    Execution Region ER_IROM1 (Exec base: 0x08000000, Load base: 0x08000000, Size: 0x00003e08, Max: 0x00008000, ABSOLUTE)

    Exec Addr    Load Addr    Size         Type   Attr      Idx    E Section Name        Object

    0x08000000   0x08000000   0x000000c0   Data   RO            3    RESET               startup_stm32l051xx.o
    0x080000c0   0x080000c0   0x00000008   Code   RO         3630  * !!!main             c_p.l(__main.o)
    0x080000c8   0x080000c8   0x0000003c   Code   RO         3888    !!!scatter          c_p.l(__scatter.o)
    0x08000104   0x08000104   0x0000001a   Code   RO         3890    !!handler_copy      c_p.l(__scatter_copy.o)
    0x0800011e   0x0800011e   0x00000002   PAD
    0x08000120   0x08000120   0x0000001c   Code   RO         3892    !!handler_zi        c_p.l(__scatter_zi.o)
    0x0800013c   0x0800013c   0x00000002   Code   RO         3752    .ARM.Collect$$libinit$$00000000  c_p.l(libinit.o)
    0x0800013e   0x0800013e   0x00000000   Code   RO         3767    .ARM.Collect$$libinit$$00000002  c_p.l(libinit2.o)
    0x0800013e   0x0800013e   0x00000000   Code   RO         3769    .ARM.Collect$$libinit$$00000004  c_p.l(libinit2.o)
    0x0800013e   0x0800013e   0x00000000   Code   RO         3772    .ARM.Collect$$libinit$$0000000A  c_p.l(libinit2.o)
    0x0800013e   0x0800013e   0x00000000   Code   RO         3774    .ARM.Collect$$libinit$$0000000C  c_p.l(libinit2.o)
    0x0800013e   0x0800013e   0x00000000   Code   RO         3776    .ARM.Collect$$libinit$$0000000E  c_p.l(libinit2.o)
    0x0800013e   0x0800013e   0x00000000   Code   RO         3779    .ARM.Collect$$libinit$$00000011  c_p.l(libinit2.o)
    0x0800013e   0x0800013e   0x00000000   Code   RO         3781    .ARM.Collect$$libinit$$00000013  c_p.l(libinit2.o)
    0x0800013e   0x0800013e   0x00000000   Code   RO         3783    .ARM.Collect$$libinit$$00000015  c_p.l(libinit2.o)
    0x0800013e   0x0800013e   0x00000000   Code   RO         3785    .ARM.Collect$$libinit$$00000017  c_p.l(libinit2.o)
    0x0800013e   0x0800013e   0x00000000   Code   RO         3787    .ARM.Collect$$libinit$$00000019  c_p.l(libinit2.o)
    0x0800013e   0x0800013e   0x00000000   Code   RO         3789    .ARM.Collect$$libinit$$0000001B  c_p.l(libinit2.o)
    0x0800013e   0x0800013e   0x00000000   Code   RO         3791    .ARM.Collect$$libinit$$0000001D  c_p.l(libinit2.o)
    0x0800013e   0x0800013e   0x00000000   Code   RO         3793    .ARM.Collect$$libinit$$0000001F  c_p.l(libinit2.o)
    0x0800013e   0x0800013e   0x00000000   Code   RO         3795    .ARM.Collect$$libinit$$00000021  c_p.l(libinit2.o)
    0x0800013e   0x0800013e   0x00000000   Code   RO         3797    .ARM.Collect$$libinit$$00000023  c_p.l(libinit2.o)
    0x0800013e   0x0800013e   0x00000000   Code   RO         3799    .ARM.Collect$$libinit$$00000025  c_p.l(libinit2.o)
    0x0800013e   0x0800013e   0x00000000   Code   RO         3803    .ARM.Collect$$libinit$$0000002C  c_p.l(libinit2.o)
    0x0800013e   0x0800013e   0x00000000   Code   RO         3805    .ARM.Collect$$libinit$$0000002E  c_p.l(libinit2.o)
    0x0800013e   0x0800013e   0x00000000   Code   RO         3807    .ARM.Collect$$libinit$$00000030  c_p.l(libinit2.o)
    0x0800013e   0x0800013e   0x00000000   Code   RO         3809    .ARM.Collect$$libinit$$00000032  c_p.l(libinit2.o)
    0x0800013e   0x0800013e   0x00000002   Code   RO         3810    .ARM.Collect$$libinit$$00000033  c_p.l(libinit2.o)
    0x08000140   0x08000140   0x00000002   Code   RO         3843    .ARM.Collect$$libshutdown$$00000000  c_p.l(libshutdown.o)
    0x08000142   0x08000142   0x00000000   Code   RO         3869    .ARM.Collect$$libshutdown$$00000002  c_p.l(libshutdown2.o)
    0x08000142   0x08000142   0x00000000   Code   RO         3871    .ARM.Collect$$libshutdown$$00000004  c_p.l(libshutdown2.o)
    0x08000142   0x08000142   0x00000000   Code   RO         3873    .ARM.Collect$$libshutdown$$00000006  c_p.l(libshutdown2.o)
    0x08000142   0x08000142   0x00000000   Code   RO         3876    .ARM.Collect$$libshutdown$$00000009  c_p.l(libshutdown2.o)
    0x08000142   0x08000142   0x00000000   Code   RO         3879    .ARM.Collect$$libshutdown$$0000000C  c_p.l(libshutdown2.o)
    0x08000142   0x08000142   0x00000000   Code   RO         3881    .ARM.Collect$$libshutdown$$0000000E  c_p.l(libshutdown2.o)
    0x08000142   0x08000142   0x00000000   Code   RO         3884    .ARM.Collect$$libshutdown$$00000011  c_p.l(libshutdown2.o)
    0x08000142   0x08000142   0x00000002   Code   RO         3885    .ARM.Collect$$libshutdown$$00000012  c_p.l(libshutdown2.o)
    0x08000144   0x08000144   0x00000000   Code   RO         3659    .ARM.Collect$$rtentry$$00000000  c_p.l(__rtentry.o)
    0x08000144   0x08000144   0x00000000   Code   RO         3708    .ARM.Collect$$rtentry$$00000002  c_p.l(__rtentry2.o)
    0x08000144   0x08000144   0x00000006   Code   RO         3720    .ARM.Collect$$rtentry$$00000004  c_p.l(__rtentry4.o)
    0x0800014a   0x0800014a   0x00000000   Code   RO         3710    .ARM.Collect$$rtentry$$00000009  c_p.l(__rtentry2.o)
    0x0800014a   0x0800014a   0x00000004   Code   RO         3711    .ARM.Collect$$rtentry$$0000000A  c_p.l(__rtentry2.o)
    0x0800014e   0x0800014e   0x00000000   Code   RO         3713    .ARM.Collect$$rtentry$$0000000C  c_p.l(__rtentry2.o)
    0x0800014e   0x0800014e   0x00000008   Code   RO         3714    .ARM.Collect$$rtentry$$0000000D  c_p.l(__rtentry2.o)
    0x08000156   0x08000156   0x00000002   Code   RO         3758    .ARM.Collect$$rtexit$$00000000  c_p.l(rtexit.o)
    0x08000158   0x08000158   0x00000000   Code   RO         3816    .ARM.Collect$$rtexit$$00000002  c_p.l(rtexit2.o)
    0x08000158   0x08000158   0x00000004   Code   RO         3817    .ARM.Collect$$rtexit$$00000003  c_p.l(rtexit2.o)
    0x0800015c   0x0800015c   0x00000006   Code   RO         3818    .ARM.Collect$$rtexit$$00000004  c_p.l(rtexit2.o)
    0x08000162   0x08000162   0x00000002   PAD
    0x08000164   0x08000164   0x00000038   Code   RO            4    .text               startup_stm32l051xx.o
    0x0800019c   0x0800019c   0x00000102   Code   RO         3620    .text               c_p.l(lludiv.o)
    0x0800029e   0x0800029e   0x00000040   Code   RO         3622    .text               c_p.l(rt_memclr.o)
    0x080002de   0x080002de   0x0000015a   Code   RO         3624    .text               c_p.l(aeabi_sdiv.o)
    0x08000438   0x08000438   0x00000006   Code   RO         3628    .text               c_p.l(heapauxi.o)
    0x0800043e   0x0800043e   0x00000002   PAD
    0x08000440   0x08000440   0x00000160   Code   RO         3640    .text               fz_ps.l(fdiv.o)
    0x080005a0   0x080005a0   0x00000030   Code   RO         3643    .text               fz_ps.l(ffixui.o)
    0x080005d0   0x080005d0   0x0000005e   Code   RO         3645    .text               fz_ps.l(fflti.o)
    0x0800062e   0x0800062e   0x00000002   PAD
    0x08000630   0x08000630   0x00000008   Code   RO         3735    .text               c_p.l(libspace.o)
    0x08000638   0x08000638   0x0000003e   Code   RO         3738    .text               c_p.l(sys_stackheap_outer.o)
    0x08000676   0x08000676   0x00000010   Code   RO         3741    .text               c_p.l(exit.o)
    0x08000686   0x08000686   0x00000002   PAD
    0x08000688   0x08000688   0x0000000c   Code   RO         3813    .text               c_p.l(sys_exit.o)
    0x08000694   0x08000694   0x00000002   Code   RO         3832    .text               c_p.l(use_no_semi.o)
    0x08000696   0x08000696   0x00000000   Code   RO         3834    .text               c_p.l(indicate_semi.o)
    0x08000696   0x08000696   0x00000066   Code   RO           12    i.BME280_Init       bme280.o
    0x080006fc   0x080006fc   0x000000cc   Code   RO           14    i.BME280_ReadCoefficients  bme280.o
    0x080007c8   0x080007c8   0x00000034   Code   RO           17    i.BME280_ReadReg    bme280.o
    0x080007fc   0x080007fc   0x00000026   Code   RO           19    i.BME280_ReadReg_BE_U24  bme280.o
    0x08000822   0x08000822   0x0000000e   Code   RO           20    i.BME280_ReadReg_S16  bme280.o
    0x08000830   0x08000830   0x0000000e   Code   RO           21    i.BME280_ReadReg_U16  bme280.o
    0x0800083e   0x0800083e   0x0000000e   Code   RO           23    i.BME280_ReadStatus  bme280.o
    0x0800084c   0x0800084c   0x00000058   Code   RO           24    i.BME280_ReadTemperature  bme280.o
    0x080008a4   0x080008a4   0x0000001e   Code   RO           25    i.BME280_SetFilter  bme280.o
    0x080008c2   0x080008c2   0x0000001c   Code   RO           26    i.BME280_SetMode    bme280.o
    0x080008de   0x080008de   0x0000002a   Code   RO           27    i.BME280_SetOversamplingHum  bme280.o
    0x08000908   0x08000908   0x0000001e   Code   RO           28    i.BME280_SetOversamplingPressure  bme280.o
    0x08000926   0x08000926   0x0000001c   Code   RO           29    i.BME280_SetOversamplingTemper  bme280.o
    0x08000942   0x08000942   0x0000001c   Code   RO           30    i.BME280_SetStandby  bme280.o
    0x0800095e   0x0800095e   0x00000002   PAD
    0x08000960   0x08000960   0x00000030   Code   RO           31    i.BME280_WriteReg   bme280.o
    0x08000990   0x08000990   0x00000054   Code   RO          269    i.CheckCRC16        main.o
    0x080009e4   0x080009e4   0x00000010   Code   RO           32    i.Error             bme280.o
    0x080009f4   0x080009f4   0x00000044   Code   RO          271    i.GenCRC16          main.o
    0x08000a38   0x08000a38   0x00000044   Code   RO         1947    i.HAL_DMA_Abort     stm32l0xx_hal_dma.o
    0x08000a7c   0x08000a7c   0x0000004c   Code   RO         1948    i.HAL_DMA_Abort_IT  stm32l0xx_hal_dma.o
    0x08000ac8   0x08000ac8   0x00000006   Code   RO         1951    i.HAL_DMA_GetState  stm32l0xx_hal_dma.o
    0x08000ace   0x08000ace   0x00000002   PAD
    0x08000ad0   0x08000ad0   0x00000024   Code   RO          770    i.HAL_Delay         stm32l0xx_hal.o
    0x08000af4   0x08000af4   0x000001b0   Code   RO         1887    i.HAL_GPIO_Init     stm32l0xx_hal_gpio.o
    0x08000ca4   0x08000ca4   0x0000000c   Code   RO         1891    i.HAL_GPIO_WritePin  stm32l0xx_hal_gpio.o
    0x08000cb0   0x08000cb0   0x0000000c   Code   RO          774    i.HAL_GetTick       stm32l0xx_hal.o
    0x08000cbc   0x08000cbc   0x0000004a   Code   RO         1425    i.HAL_I2CEx_ConfigAnalogFilter  stm32l0xx_hal_i2c_ex.o
    0x08000d06   0x08000d06   0x00000048   Code   RO         1426    i.HAL_I2CEx_ConfigDigitalFilter  stm32l0xx_hal_i2c_ex.o
    0x08000d4e   0x08000d4e   0x00000002   Code   RO          967    i.HAL_I2C_AbortCpltCallback  stm32l0xx_hal_i2c.o
    0x08000d50   0x08000d50   0x00000002   Code   RO          968    i.HAL_I2C_AddrCallback  stm32l0xx_hal_i2c.o
    0x08000d52   0x08000d52   0x0000005e   Code   RO          971    i.HAL_I2C_ER_IRQHandler  stm32l0xx_hal_i2c.o
    0x08000db0   0x08000db0   0x00000010   Code   RO          972    i.HAL_I2C_EV_IRQHandler  stm32l0xx_hal_i2c.o
    0x08000dc0   0x08000dc0   0x00000002   Code   RO          974    i.HAL_I2C_ErrorCallback  stm32l0xx_hal_i2c.o
    0x08000dc2   0x08000dc2   0x00000002   PAD
    0x08000dc4   0x08000dc4   0x000000b4   Code   RO          978    i.HAL_I2C_Init      stm32l0xx_hal_i2c.o
    0x08000e78   0x08000e78   0x00000002   Code   RO          980    i.HAL_I2C_ListenCpltCallback  stm32l0xx_hal_i2c.o
    0x08000e7a   0x08000e7a   0x00000002   PAD
    0x08000e7c   0x08000e7c   0x00000154   Code   RO          996    i.HAL_I2C_Mem_Read  stm32l0xx_hal_i2c.o
    0x08000fd0   0x08000fd0   0x0000014c   Code   RO          999    i.HAL_I2C_Mem_Write  stm32l0xx_hal_i2c.o
    0x0800111c   0x0800111c   0x00000070   Code   RO          440    i.HAL_I2C_MspInit   stm32l0xx_hal_msp.o
    0x0800118c   0x0800118c   0x00000002   Code   RO         1004    i.HAL_I2C_SlaveRxCpltCallback  stm32l0xx_hal_i2c.o
    0x0800118e   0x0800118e   0x00000002   Code   RO         1005    i.HAL_I2C_SlaveTxCpltCallback  stm32l0xx_hal_i2c.o
    0x08001190   0x08001190   0x00000010   Code   RO          780    i.HAL_IncTick       stm32l0xx_hal.o
    0x080011a0   0x080011a0   0x00000028   Code   RO          781    i.HAL_Init          stm32l0xx_hal.o
    0x080011c8   0x080011c8   0x00000044   Code   RO          782    i.HAL_InitTick      stm32l0xx_hal.o
    0x0800120c   0x0800120c   0x00000018   Code   RO          441    i.HAL_MspInit       stm32l0xx_hal_msp.o
    0x08001224   0x08001224   0x00000018   Code   RO         2216    i.HAL_NVIC_EnableIRQ  stm32l0xx_hal_cortex.o
    0x0800123c   0x0800123c   0x00000008   Code   RO         2220    i.HAL_NVIC_SetPriority  stm32l0xx_hal_cortex.o
    0x08001244   0x08001244   0x00000164   Code   RO         1574    i.HAL_RCCEx_PeriphCLKConfig  stm32l0xx_hal_rcc_ex.o
    0x080013a8   0x080013a8   0x0000019c   Code   RO         1476    i.HAL_RCC_ClockConfig  stm32l0xx_hal_rcc.o
    0x08001544   0x08001544   0x00000020   Code   RO         1482    i.HAL_RCC_GetPCLK1Freq  stm32l0xx_hal_rcc.o
    0x08001564   0x08001564   0x00000020   Code   RO         1483    i.HAL_RCC_GetPCLK2Freq  stm32l0xx_hal_rcc.o
    0x08001584   0x08001584   0x00000078   Code   RO         1484    i.HAL_RCC_GetSysClockFreq  stm32l0xx_hal_rcc.o
    0x080015fc   0x080015fc   0x00000426   Code   RO         1487    i.HAL_RCC_OscConfig  stm32l0xx_hal_rcc.o
    0x08001a22   0x08001a22   0x00000002   Code   RO          507    i.HAL_SMBUS_AddrCallback  stm32l0xx_hal_smbus.o
    0x08001a24   0x08001a24   0x00000008   Code   RO          513    i.HAL_SMBUS_ER_IRQHandler  stm32l0xx_hal_smbus.o
    0x08001a2c   0x08001a2c   0x000000b6   Code   RO          514    i.HAL_SMBUS_EV_IRQHandler  stm32l0xx_hal_smbus.o
    0x08001ae2   0x08001ae2   0x00000002   Code   RO          517    i.HAL_SMBUS_ErrorCallback  stm32l0xx_hal_smbus.o
    0x08001ae4   0x08001ae4   0x000000e8   Code   RO          520    i.HAL_SMBUS_Init    stm32l0xx_hal_smbus.o
    0x08001bcc   0x08001bcc   0x00000002   Code   RO          522    i.HAL_SMBUS_ListenCpltCallback  stm32l0xx_hal_smbus.o
    0x08001bce   0x08001bce   0x00000002   Code   RO          523    i.HAL_SMBUS_MasterRxCpltCallback  stm32l0xx_hal_smbus.o
    0x08001bd0   0x08001bd0   0x00000002   Code   RO          524    i.HAL_SMBUS_MasterTxCpltCallback  stm32l0xx_hal_smbus.o
    0x08001bd2   0x08001bd2   0x00000002   PAD
    0x08001bd4   0x08001bd4   0x0000006c   Code   RO          443    i.HAL_SMBUS_MspInit  stm32l0xx_hal_msp.o
    0x08001c40   0x08001c40   0x00000002   Code   RO          530    i.HAL_SMBUS_SlaveRxCpltCallback  stm32l0xx_hal_smbus.o
    0x08001c42   0x08001c42   0x00000002   Code   RO          531    i.HAL_SMBUS_SlaveTxCpltCallback  stm32l0xx_hal_smbus.o
    0x08001c44   0x08001c44   0x00000030   Code   RO         2224    i.HAL_SYSTICK_Config  stm32l0xx_hal_cortex.o
    0x08001c74   0x08001c74   0x00000058   Code   RO         3088    i.HAL_TIMEx_MasterConfigSynchronization  stm32l0xx_hal_tim_ex.o
    0x08001ccc   0x08001ccc   0x0000003e   Code   RO         2393    i.HAL_TIM_Base_Init  stm32l0xx_hal_tim.o
    0x08001d0a   0x08001d0a   0x00000002   PAD
    0x08001d0c   0x08001d0c   0x00000030   Code   RO          445    i.HAL_TIM_Base_MspInit  stm32l0xx_hal_msp.o
    0x08001d3c   0x08001d3c   0x0000004c   Code   RO         2398    i.HAL_TIM_Base_Start_IT  stm32l0xx_hal_tim.o
    0x08001d88   0x08001d88   0x0000002c   Code   RO         2401    i.HAL_TIM_Base_Stop_IT  stm32l0xx_hal_tim.o
    0x08001db4   0x08001db4   0x00000002   Code   RO         2427    i.HAL_TIM_IC_CaptureCallback  stm32l0xx_hal_tim.o
    0x08001db6   0x08001db6   0x00000126   Code   RO         2441    i.HAL_TIM_IRQHandler  stm32l0xx_hal_tim.o
    0x08001edc   0x08001edc   0x00000002   Code   RO         2444    i.HAL_TIM_OC_DelayElapsedCallback  stm32l0xx_hal_tim.o
    0x08001ede   0x08001ede   0x00000002   Code   RO         2471    i.HAL_TIM_PWM_PulseFinishedCallback  stm32l0xx_hal_tim.o
    0x08001ee0   0x08001ee0   0x000000ac   Code   RO          272    i.HAL_TIM_PeriodElapsedCallback  main.o
    0x08001f8c   0x08001f8c   0x00000002   Code   RO         2484    i.HAL_TIM_TriggerCallback  stm32l0xx_hal_tim.o
    0x08001f8e   0x08001f8e   0x00000002   Code   RO         3123    i.HAL_UARTEx_RxEventCallback  stm32l0xx_hal_uart.o
    0x08001f90   0x08001f90   0x00000002   Code   RO         3512    i.HAL_UARTEx_WakeupCallback  stm32l0xx_hal_uart_ex.o
    0x08001f92   0x08001f92   0x00000002   Code   RO         3139    i.HAL_UART_ErrorCallback  stm32l0xx_hal_uart.o
    0x08001f94   0x08001f94   0x000002a4   Code   RO         3142    i.HAL_UART_IRQHandler  stm32l0xx_hal_uart.o
    0x08002238   0x08002238   0x0000006a   Code   RO         3143    i.HAL_UART_Init     stm32l0xx_hal_uart.o
    0x080022a2   0x080022a2   0x00000002   PAD
    0x080022a4   0x080022a4   0x0000006c   Code   RO          447    i.HAL_UART_MspInit  stm32l0xx_hal_msp.o
    0x08002310   0x08002310   0x00000070   Code   RO         3148    i.HAL_UART_Receive_IT  stm32l0xx_hal_uart.o
    0x08002380   0x08002380   0x00000048   Code   RO          273    i.HAL_UART_RxCpltCallback  main.o
    0x080023c8   0x080023c8   0x00000088   Code   RO         3154    i.HAL_UART_Transmit_IT  stm32l0xx_hal_uart.o
    0x08002450   0x08002450   0x00000034   Code   RO          274    i.HAL_UART_TxCpltCallback  main.o
    0x08002484   0x08002484   0x00000002   Code   RO          367    i.HardFault_Handler  stm32l0xx_it.o
    0x08002486   0x08002486   0x00000002   PAD
    0x08002488   0x08002488   0x00000020   Code   RO          368    i.I2C1_IRQHandler   stm32l0xx_it.o
    0x080024a8   0x080024a8   0x00000020   Code   RO          369    i.I2C2_IRQHandler   stm32l0xx_it.o
    0x080024c8   0x080024c8   0x0000001c   Code   RO         1017    i.I2C_DMAAbort      stm32l0xx_hal_i2c.o
    0x080024e4   0x080024e4   0x00000052   Code   RO         1023    i.I2C_Disable_IRQ   stm32l0xx_hal_i2c.o
    0x08002536   0x08002536   0x00000022   Code   RO         1025    i.I2C_Flush_TXDR    stm32l0xx_hal_i2c.o
    0x08002558   0x08002558   0x0000007c   Code   RO         1026    i.I2C_ITAddrCplt    stm32l0xx_hal_i2c.o
    0x080025d4   0x080025d4   0x000000ec   Code   RO         1027    i.I2C_ITError       stm32l0xx_hal_i2c.o
    0x080026c0   0x080026c0   0x00000068   Code   RO         1028    i.I2C_ITListenCplt  stm32l0xx_hal_i2c.o
    0x08002728   0x08002728   0x0000013c   Code   RO         1031    i.I2C_ITSlaveCplt   stm32l0xx_hal_i2c.o
    0x08002864   0x08002864   0x0000006a   Code   RO         1032    i.I2C_ITSlaveSeqCplt  stm32l0xx_hal_i2c.o
    0x080028ce   0x080028ce   0x00000002   PAD
    0x080028d0   0x080028d0   0x00000088   Code   RO         1033    i.I2C_IsAcknowledgeFailed  stm32l0xx_hal_i2c.o
    0x08002958   0x08002958   0x00000060   Code   RO         1036    i.I2C_RequestMemoryRead  stm32l0xx_hal_i2c.o
    0x080029b8   0x080029b8   0x00000060   Code   RO         1037    i.I2C_RequestMemoryWrite  stm32l0xx_hal_i2c.o
    0x08002a18   0x08002a18   0x00000130   Code   RO         1039    i.I2C_Slave_ISR_IT  stm32l0xx_hal_i2c.o
    0x08002b48   0x08002b48   0x00000028   Code   RO         1040    i.I2C_TransferConfig  stm32l0xx_hal_i2c.o
    0x08002b70   0x08002b70   0x00000026   Code   RO         1041    i.I2C_TreatErrorCallback  stm32l0xx_hal_i2c.o
    0x08002b96   0x08002b96   0x0000004e   Code   RO         1042    i.I2C_WaitOnFlagUntilTimeout  stm32l0xx_hal_i2c.o
    0x08002be4   0x08002be4   0x0000004c   Code   RO         1044    i.I2C_WaitOnSTOPFlagUntilTimeout  stm32l0xx_hal_i2c.o
    0x08002c30   0x08002c30   0x00000050   Code   RO         1045    i.I2C_WaitOnTXISFlagUntilTimeout  stm32l0xx_hal_i2c.o
    0x08002c80   0x08002c80   0x00000028   Code   RO           33    i.I2Cx_ReadData16   bme280.o
    0x08002ca8   0x08002ca8   0x00000028   Code   RO           34    i.I2Cx_ReadData24   bme280.o
    0x08002cd0   0x08002cd0   0x000000b8   Code   RO          275    i.MX_GPIO_Init      main.o
    0x08002d88   0x08002d88   0x00000048   Code   RO          276    i.MX_I2C1_SMBUS_Init  main.o
    0x08002dd0   0x08002dd0   0x00000058   Code   RO          277    i.MX_I2C2_Init      main.o
    0x08002e28   0x08002e28   0x00000038   Code   RO          278    i.MX_USART1_UART_Init  main.o
    0x08002e60   0x08002e60   0x00000002   Code   RO          370    i.NMI_Handler       stm32l0xx_it.o
    0x08002e62   0x08002e62   0x00000002   Code   RO          371    i.PendSV_Handler    stm32l0xx_it.o
    0x08002e64   0x08002e64   0x00000070   Code   RO          535    i.SMBUS_Disable_IRQ  stm32l0xx_hal_smbus.o
    0x08002ed4   0x08002ed4   0x000000b4   Code   RO          537    i.SMBUS_ITErrorHandler  stm32l0xx_hal_smbus.o
    0x08002f88   0x08002f88   0x000001cc   Code   RO          538    i.SMBUS_Master_ISR  stm32l0xx_hal_smbus.o
    0x08003154   0x08003154   0x00000244   Code   RO          539    i.SMBUS_Slave_ISR   stm32l0xx_hal_smbus.o
    0x08003398   0x08003398   0x00000028   Code   RO          540    i.SMBUS_TransferConfig  stm32l0xx_hal_smbus.o
    0x080033c0   0x080033c0   0x00000002   Code   RO          372    i.SVC_Handler       stm32l0xx_it.o
    0x080033c2   0x080033c2   0x00000008   Code   RO          373    i.SysTick_Handler   stm32l0xx_it.o
    0x080033ca   0x080033ca   0x00000002   PAD
    0x080033cc   0x080033cc   0x00000084   Code   RO          279    i.SystemClock_Config  main.o
    0x08003450   0x08003450   0x00000002   Code   RO         3583    i.SystemInit        system_stm32l0xx.o
    0x08003452   0x08003452   0x00000002   PAD
    0x08003454   0x08003454   0x00000010   Code   RO          374    i.TIM6_IRQHandler   stm32l0xx_it.o
    0x08003464   0x08003464   0x00000058   Code   RO         2486    i.TIM_Base_SetConfig  stm32l0xx_hal_tim.o
    0x080034bc   0x080034bc   0x000000ca   Code   RO         3157    i.UART_AdvFeatureConfig  stm32l0xx_hal_uart.o
    0x08003586   0x08003586   0x00000002   PAD
    0x08003588   0x08003588   0x00000064   Code   RO         3158    i.UART_CheckIdleState  stm32l0xx_hal_uart.o
    0x080035ec   0x080035ec   0x00000014   Code   RO         3159    i.UART_DMAAbortOnError  stm32l0xx_hal_uart.o
    0x08003600   0x08003600   0x0000005e   Code   RO         3169    i.UART_EndRxTransfer  stm32l0xx_hal_uart.o
    0x0800365e   0x0800365e   0x000000a8   Code   RO         3171    i.UART_RxISR_16BIT  stm32l0xx_hal_uart.o
    0x08003706   0x08003706   0x000000a8   Code   RO         3172    i.UART_RxISR_8BIT   stm32l0xx_hal_uart.o
    0x080037ae   0x080037ae   0x00000002   PAD
    0x080037b0   0x080037b0   0x00000200   Code   RO         3173    i.UART_SetConfig    stm32l0xx_hal_uart.o
    0x080039b0   0x080039b0   0x000000b4   Code   RO         3175    i.UART_Start_Receive_IT  stm32l0xx_hal_uart.o
    0x08003a64   0x08003a64   0x0000005e   Code   RO         3176    i.UART_TxISR_16BIT  stm32l0xx_hal_uart.o
    0x08003ac2   0x08003ac2   0x0000005a   Code   RO         3177    i.UART_TxISR_8BIT   stm32l0xx_hal_uart.o
    0x08003b1c   0x08003b1c   0x000000d4   Code   RO         3178    i.UART_WaitOnFlagUntilTimeout  stm32l0xx_hal_uart.o
    0x08003bf0   0x08003bf0   0x00000010   Code   RO          375    i.USART1_IRQHandler  stm32l0xx_it.o
    0x08003c00   0x08003c00   0x00000030   Code   RO          149    i.__ARM_common_ll_muluu  bme280.o
    0x08003c30   0x08003c30   0x0000001a   Code   RO         2032    i.__ARM_common_switch8  stm32l0xx_hal_dma.o
    0x08003c4a   0x08003c4a   0x00000002   PAD
    0x08003c4c   0x08003c4c   0x00000044   Code   RO         2226    i.__NVIC_SetPriority  stm32l0xx_hal_cortex.o
    0x08003c90   0x08003c90   0x000000f4   Code   RO          280    i.main              main.o
    0x08003d84   0x08003d84   0x00000000   Code   RO         3679    x$fpl$usenofp       fz_ps.l(usenofp.o)
    0x08003d84   0x08003d84   0x00000019   Data   RO         3584    .constdata          system_stm32l0xx.o
    0x08003d9d   0x08003d9d   0x00000008   Data   RO         3585    .constdata          system_stm32l0xx.o
    0x08003da5   0x08003da5   0x00000040   Data   RO         3641    .constdata          fz_ps.l(fdiv.o)
    0x08003de5   0x08003de5   0x00000003   PAD
    0x08003de8   0x08003de8   0x00000020   Data   RO         3886    Region$$Table       anon$$obj.o


    Execution Region RW_IRAM1 (Exec base: 0x20000000, Load base: 0x08003e08, Size: 0x00000900, Max: 0x00002000, ABSOLUTE)

    Exec Addr    Load Addr    Size         Type   Attr      Idx    E Section Name        Object

    0x20000000   0x08003e08   0x00000004   Data   RW           36    .data               bme280.o
    0x20000004   0x08003e0c   0x00000008   Data   RW          283    .data               main.o
    0x2000000c   0x08003e14   0x0000000c   Data   RW          792    .data               stm32l0xx_hal.o
    0x20000018   0x08003e20   0x00000004   Data   RW         3586    .data               system_stm32l0xx.o
    0x2000001c        -       0x00000024   Zero   RW           35    .bss                bme280.o
    0x20000040        -       0x00000260   Zero   RW          281    .bss                main.o
    0x200002a0        -       0x00000060   Zero   RW         3736    .bss                c_p.l(libspace.o)
    0x20000300        -       0x00000200   Zero   RW            2    HEAP                startup_stm32l051xx.o
    0x20000500        -       0x00000400   Zero   RW            1    STACK               startup_stm32l051xx.o


==============================================================================

Image component sizes


      Code (inc. data)   RO Data    RW Data    ZI Data      Debug   Object Name

       904         36          0          4         36     346729   bme280.o
      1224        134          0          8        608       7694   main.o
        56         26        192          0       1536        620   startup_stm32l051xx.o
       172         28          0         12          0       8453   stm32l0xx_hal.o
       148         24          0          0          0      11997   stm32l0xx_hal_cortex.o
       176          0          0          0          0       2254   stm32l0xx_hal_dma.o
         0          0          0          0          0       2444   stm32l0xx_hal_flash.o
       444         30          0          0          0       2048   stm32l0xx_hal_gpio.o
      2948         90          0          0          0      22226   stm32l0xx_hal_i2c.o
       146          0          0          0          0       1839   stm32l0xx_hal_i2c_ex.o
       400         48          0          0          0       3162   stm32l0xx_hal_msp.o
      1658         90          0          0          0       5484   stm32l0xx_hal_rcc.o
       356         14          0          0          0       1388   stm32l0xx_hal_rcc_ex.o
      1808         28          0          0          0      10949   stm32l0xx_hal_smbus.o
       572         24          0          0          0       6481   stm32l0xx_hal_tim.o
        88         10          0          0          0       1172   stm32l0xx_hal_tim_ex.o
      2874        104          0          0          0      19114   stm32l0xx_hal_uart.o
         2          0          0          0          0        956   stm32l0xx_hal_uart_ex.o
       112         20          0          0          0       3833   stm32l0xx_it.o
         2          0         33          4          0       1111   system_stm32l0xx.o

    ----------------------------------------------------------------------
     14118        706        257         28       2180     459954   Object Totals
         0          0         32          0          0          0   (incl. Generated)
        28          0          0          0          0          0   (incl. Padding)

    ----------------------------------------------------------------------

      Code (inc. data)   RO Data    RW Data    ZI Data      Debug   Library Member Name

         8          0          0          0          0         68   __main.o
         0          0          0          0          0          0   __rtentry.o
        12          0          0          0          0          0   __rtentry2.o
         6          0          0          0          0          0   __rtentry4.o
        60          8          0          0          0          0   __scatter.o
        26          0          0          0          0          0   __scatter_copy.o
        28          0          0          0          0          0   __scatter_zi.o
       346          0          0          0          0         92   aeabi_sdiv.o
        16          0          0          0          0         68   exit.o
         6          0          0          0          0        136   heapauxi.o
         0          0          0          0          0          0   indicate_semi.o
         2          0          0          0          0          0   libinit.o
         2          0          0          0          0          0   libinit2.o
         2          0          0          0          0          0   libshutdown.o
         2          0          0          0          0          0   libshutdown2.o
         8          4          0          0         96         68   libspace.o
       258          0          0          0          0         88   lludiv.o
        64          0          0          0          0        108   rt_memclr.o
         2          0          0          0          0          0   rtexit.o
        10          0          0          0          0          0   rtexit2.o
        12          4          0          0          0         60   sys_exit.o
        62          0          0          0          0         80   sys_stackheap_outer.o
         2          0          0          0          0         68   use_no_semi.o
       352         10         64          0          0         92   fdiv.o
        48          0          0          0          0         60   ffixui.o
        94          0          0          0          0         92   fflti.o
         0          0          0          0          0          0   usenofp.o

    ----------------------------------------------------------------------
      1438         26         67          0         96       1080   Library Totals
        10          0          3          0          0          0   (incl. Padding)

    ----------------------------------------------------------------------

      Code (inc. data)   RO Data    RW Data    ZI Data      Debug   Library Name

       934         16          0          0         96        836   c_p.l
       494         10         64          0          0        244   fz_ps.l

    ----------------------------------------------------------------------
      1438         26         67          0         96       1080   Library Totals

    ----------------------------------------------------------------------

==============================================================================


      Code (inc. data)   RO Data    RW Data    ZI Data      Debug   

     15556        732        324         28       2276     454730   Grand Totals
     15556        732        324         28       2276     454730   ELF Image Totals
     15556        732        324         28          0          0   ROM Totals

==============================================================================

    Total RO  Size (Code + RO Data)                15880 (  15.51kB)
    Total RW  Size (RW Data + ZI Data)              2304 (   2.25kB)
    Total ROM Size (Code + RO Data + RW Data)      15908 (  15.54kB)

==============================================================================

